Archive member included to satisfy reference by file (symbol)

c:/nxp/mcuxpressoide_11.0.1_2563/ide/plugins/com.nxp.mcuxpresso.tools.win32_11.0.1.201907311258/tools/bin/../lib/gcc/arm-none-eabi/8.2.1/../../../../arm-none-eabi/lib/thumb/v6-m/nofp\libcr_semihost_nf.a(_cr__main.o)
                              ./startup/startup_mkl25z4.o (__main)
c:/nxp/mcuxpressoide_11.0.1_2563/ide/plugins/com.nxp.mcuxpresso.tools.win32_11.0.1.201907311258/tools/bin/../lib/gcc/arm-none-eabi/8.2.1/../../../../arm-none-eabi/lib/thumb/v6-m/nofp\libcr_semihost_nf.a(_cr_assert.o)
                              ./drivers/fsl_clock.o (__assertion_failed)
c:/nxp/mcuxpressoide_11.0.1_2563/ide/plugins/com.nxp.mcuxpresso.tools.win32_11.0.1.201907311258/tools/bin/../lib/gcc/arm-none-eabi/8.2.1/../../../../arm-none-eabi/lib/thumb/v6-m/nofp\libcr_semihost_nf.a(__ciob.o)
                              c:/nxp/mcuxpressoide_11.0.1_2563/ide/plugins/com.nxp.mcuxpresso.tools.win32_11.0.1.201907311258/tools/bin/../lib/gcc/arm-none-eabi/8.2.1/../../../../arm-none-eabi/lib/thumb/v6-m/nofp\libcr_semihost_nf.a(_cr_assert.o) (__Ciob)
c:/nxp/mcuxpressoide_11.0.1_2563/ide/plugins/com.nxp.mcuxpresso.tools.win32_11.0.1.201907311258/tools/bin/../lib/gcc/arm-none-eabi/8.2.1/../../../../arm-none-eabi/lib/thumb/v6-m/nofp\libcr_semihost_nf.a(__sys_appexit.o)
                              c:/nxp/mcuxpressoide_11.0.1_2563/ide/plugins/com.nxp.mcuxpresso.tools.win32_11.0.1.201907311258/tools/bin/../lib/gcc/arm-none-eabi/8.2.1/../../../../arm-none-eabi/lib/thumb/v6-m/nofp\libcr_semihost_nf.a(_cr_assert.o) (__sys_appexit)
c:/nxp/mcuxpressoide_11.0.1_2563/ide/plugins/com.nxp.mcuxpresso.tools.win32_11.0.1.201907311258/tools/bin/../lib/gcc/arm-none-eabi/8.2.1/../../../../arm-none-eabi/lib/thumb/v6-m/nofp\libcr_c.a(memcpy.o)
                              ./drivers/fsl_flash.o (memcpy)
c:/nxp/mcuxpressoide_11.0.1_2563/ide/plugins/com.nxp.mcuxpresso.tools.win32_11.0.1.201907311258/tools/bin/../lib/gcc/arm-none-eabi/8.2.1/../../../../arm-none-eabi/lib/thumb/v6-m/nofp\libcr_c.a(memset.o)
                              ./drivers/fsl_flash.o (memset)
c:/nxp/mcuxpressoide_11.0.1_2563/ide/plugins/com.nxp.mcuxpresso.tools.win32_11.0.1.201907311258/tools/bin/../lib/gcc/arm-none-eabi/8.2.1/../../../../arm-none-eabi/lib/thumb/v6-m/nofp\libcr_c.a(_deferredlazyseek.o)
                              c:/nxp/mcuxpressoide_11.0.1_2563/ide/plugins/com.nxp.mcuxpresso.tools.win32_11.0.1.201907311258/tools/bin/../lib/gcc/arm-none-eabi/8.2.1/../../../../arm-none-eabi/lib/thumb/v6-m/nofp\libcr_semihost_nf.a(_cr_assert.o) (__flsbuf)
c:/nxp/mcuxpressoide_11.0.1_2563/ide/plugins/com.nxp.mcuxpresso.tools.win32_11.0.1.201907311258/tools/bin/../lib/gcc/arm-none-eabi/8.2.1/../../../../arm-none-eabi/lib/thumb/v6-m/nofp\libcr_c.a(_fflush.o)
                              c:/nxp/mcuxpressoide_11.0.1_2563/ide/plugins/com.nxp.mcuxpresso.tools.win32_11.0.1.201907311258/tools/bin/../lib/gcc/arm-none-eabi/8.2.1/../../../../arm-none-eabi/lib/thumb/v6-m/nofp\libcr_c.a(_deferredlazyseek.o) (_fflush)
c:/nxp/mcuxpressoide_11.0.1_2563/ide/plugins/com.nxp.mcuxpresso.tools.win32_11.0.1.201907311258/tools/bin/../lib/gcc/arm-none-eabi/8.2.1/../../../../arm-none-eabi/lib/thumb/v6-m/nofp\libcr_c.a(_writebuf.o)
                              c:/nxp/mcuxpressoide_11.0.1_2563/ide/plugins/com.nxp.mcuxpresso.tools.win32_11.0.1.201907311258/tools/bin/../lib/gcc/arm-none-eabi/8.2.1/../../../../arm-none-eabi/lib/thumb/v6-m/nofp\libcr_c.a(_deferredlazyseek.o) (_Cwritebuf)
c:/nxp/mcuxpressoide_11.0.1_2563/ide/plugins/com.nxp.mcuxpresso.tools.win32_11.0.1.201907311258/tools/bin/../lib/gcc/arm-none-eabi/8.2.1/../../../../arm-none-eabi/lib/thumb/v6-m/nofp\libcr_c.a(alloc.o)
                              c:/nxp/mcuxpressoide_11.0.1_2563/ide/plugins/com.nxp.mcuxpresso.tools.win32_11.0.1.201907311258/tools/bin/../lib/gcc/arm-none-eabi/8.2.1/../../../../arm-none-eabi/lib/thumb/v6-m/nofp\libcr_c.a(_deferredlazyseek.o) (_Csys_alloc)
c:/nxp/mcuxpressoide_11.0.1_2563/ide/plugins/com.nxp.mcuxpresso.tools.win32_11.0.1.201907311258/tools/bin/../lib/gcc/arm-none-eabi/8.2.1/../../../../arm-none-eabi/lib/thumb/v6-m/nofp\libcr_c.a(fputs.o)
                              c:/nxp/mcuxpressoide_11.0.1_2563/ide/plugins/com.nxp.mcuxpresso.tools.win32_11.0.1.201907311258/tools/bin/../lib/gcc/arm-none-eabi/8.2.1/../../../../arm-none-eabi/lib/thumb/v6-m/nofp\libcr_semihost_nf.a(_cr_assert.o) (fputs)
c:/nxp/mcuxpressoide_11.0.1_2563/ide/plugins/com.nxp.mcuxpresso.tools.win32_11.0.1.201907311258/tools/bin/../lib/gcc/arm-none-eabi/8.2.1/../../../../arm-none-eabi/lib/thumb/v6-m/nofp\libcr_c.a(fseek.o)
                              c:/nxp/mcuxpressoide_11.0.1_2563/ide/plugins/com.nxp.mcuxpresso.tools.win32_11.0.1.201907311258/tools/bin/../lib/gcc/arm-none-eabi/8.2.1/../../../../arm-none-eabi/lib/thumb/v6-m/nofp\libcr_c.a(_deferredlazyseek.o) (fseek)
[...]
Memory Configuration

Name             Origin             Length             Attributes
PROGRAM_FLASH    0x00000000         0x00020000         xr
SRAM             0x1ffff000         0x00004000         xrw
*default*        0x00000000         0xffffffff

Linker script and memory map

LOAD ./utilities/fsl_debug_console.o
LOAD ./startup/startup_mkl25z4.o
LOAD ./source/PR4.o
LOAD ./source/mtb.o
LOAD ./source/semihost_hardfault.o
LOAD ./drivers/fsl_clock.o
LOAD ./drivers/fsl_common.o
LOAD ./drivers/fsl_flash.o
LOAD ./drivers/fsl_gpio.o
LOAD ./drivers/fsl_lpsci.o
LOAD ./drivers/fsl_smc.o
LOAD ./drivers/fsl_uart.o
LOAD ./board/System.o
LOAD ./board/TMP102.o
LOAD ./board/Testsuite.o
LOAD ./board/board.o
LOAD ./board/clock_config.o
LOAD ./board/events.o
LOAD ./board/led_board.o
LOAD ./board/peripherals.o
LOAD ./board/pin_mux.o
LOAD ./CMSIS/system_MKL25Z4.o
START GROUP
LOAD c:/nxp/mcuxpressoide_11.0.1_2563/ide/plugins/com.nxp.mcuxpresso.tools.win32_11.0.1.201907311258/tools/bin/../lib/gcc/arm-none-eabi/8.2.1/../../../../arm-none-eabi/lib/thumb/v6-m/nofp\libcr_semihost_nf.a
LOAD c:/nxp/mcuxpressoide_11.0.1_2563/ide/plugins/com.nxp.mcuxpresso.tools.win32_11.0.1.201907311258/tools/bin/../lib/gcc/arm-none-eabi/8.2.1/../../../../arm-none-eabi/lib/thumb/v6-m/nofp\libcr_c.a
LOAD c:/nxp/mcuxpressoide_11.0.1_2563/ide/plugins/com.nxp.mcuxpresso.tools.win32_11.0.1.201907311258/tools/bin/../lib/gcc/arm-none-eabi/8.2.1/thumb/v6-m/nofp\libcr_eabihelpers.a
LOAD c:/nxp/mcuxpressoide_11.0.1_2563/ide/plugins/com.nxp.mcuxpresso.tools.win32_11.0.1.201907311258/tools/bin/../lib/gcc/arm-none-eabi/8.2.1/thumb/v6-m/nofp\libgcc.a
END GROUP
                0x00000000                __base_PROGRAM_FLASH = 0x0
                0x00000000                __base_Flash = 0x0
                0x00020000                __top_PROGRAM_FLASH = 0x20000
                0x00020000                __top_Flash = 0x20000
                0x1ffff000                __base_SRAM = 0x1ffff000
                0x1ffff000                __base_RAM = 0x1ffff000
                0x20003000                __top_SRAM = 0x20003000
                0x20003000                __top_RAM = 0x20003000

.text           0x00000000     0x44f0
 FILL mask 0xff
                0x00000000                __vectors_start__ = ABSOLUTE (.)
 *(SORT_BY_ALIGNMENT(.isr_vector))
 .isr_vector    0x00000000       0xc0 ./startup/startup_mkl25z4.o
                0x00000000                g_pfnVectors
                0x00000000                __Vectors
                0x000000c0                . = ALIGN (0x4)
                0x000000c0                __section_table_start = .
                0x000000c0                __data_section_table = .
                0x000000c0        0x4 LONG 0x44f0 LOADADDR (.data)
                0x000000c4        0x4 LONG 0x1ffff080 ADDR (.data)
                0x000000c8        0x4 LONG 0x50 SIZEOF (.data)
                0x000000cc                __data_section_table_end = .
                0x000000cc                __bss_section_table = .
                0x000000cc        0x4 LONG 0x1ffff0d0 ADDR (.bss)
                0x000000d0        0x4 LONG 0x138 SIZEOF (.bss)
                0x000000d4                __bss_section_table_end = .
                0x000000d4                __section_table_end = .
 *(SORT_BY_ALIGNMENT(.after_vectors*))
 .after_vectors.reset
                0x000000d4       0x4c ./startup/startup_mkl25z4.o
                0x000000d4                ResetISR
 .after_vectors.init_data
                0x00000120       0x12 ./startup/startup_mkl25z4.o
                0x00000120                data_init
 .after_vectors.init_bss
                0x00000132       0x10 ./startup/startup_mkl25z4.o
                0x00000132                bss_init
 .after_vectors
                0x00000142      0x10c ./startup/startup_mkl25z4.o
                0x00000142                NMI_Handler
                0x00000146                SVC_Handler
                0x00000148                PendSV_Handler
                0x0000014a                SysTick_Handler
                0x0000014c                LPTMR0_DriverIRQHandler
                0x0000014c                Reserved39_DriverIRQHandler
                0x0000014c                DMA0_DriverIRQHandler
                0x0000014c                SPI1_DriverIRQHandler
                0x0000014c                I2C0_DriverIRQHandler
                0x0000014c                PORTD_DriverIRQHandler
                0x0000014c                DMA2_DriverIRQHandler
                0x0000014c                CMP0_DriverIRQHandler
                0x0000014c                TPM2_DriverIRQHandler
                0x0000014c                ADC0_DriverIRQHandler
                0x0000014c                SPI0_DriverIRQHandler
                0x0000014c                TSI0_DriverIRQHandler
                0x0000014c                RTC_Seconds_DriverIRQHandler
                0x0000014c                I2C1_DriverIRQHandler
                0x0000014c                Reserved45_DriverIRQHandler
                0x0000014c                LLWU_DriverIRQHandler
                0x0000014c                MCG_DriverIRQHandler
                0x0000014c                DMA1_DriverIRQHandler
                0x0000014c                PIT_DriverIRQHandler
                0x0000014c                RTC_DriverIRQHandler
                0x0000014c                FTFA_DriverIRQHandler
                0x0000014c                IntDefaultHandler
                0x0000014c                USB0_DriverIRQHandler
                0x0000014c                DAC0_DriverIRQHandler
                0x0000014c                TPM1_DriverIRQHandler
                0x0000014c                LVD_LVW_DriverIRQHandler
                0x0000014c                TPM0_DriverIRQHandler
                0x0000014c                PORTA_DriverIRQHandler
                0x0000014c                DMA3_DriverIRQHandler
                0x0000014c                Reserved20_DriverIRQHandler
                0x0000014e                DMA0_IRQHandler
                0x00000156                DMA1_IRQHandler
                0x0000015e                DMA2_IRQHandler
                0x00000166                DMA3_IRQHandler
                0x0000016e                Reserved20_IRQHandler
                0x00000176                FTFA_IRQHandler
                0x0000017e                LVD_LVW_IRQHandler
                0x00000186                LLWU_IRQHandler
                0x0000018e                I2C0_IRQHandler
                0x00000196                I2C1_IRQHandler
                0x0000019e                SPI0_IRQHandler
                0x000001a6                SPI1_IRQHandler
                0x000001ae                UART0_IRQHandler
                0x000001b6                UART1_IRQHandler
                0x000001be                UART2_IRQHandler
                0x000001c6                ADC0_IRQHandler
                0x000001ce                CMP0_IRQHandler
                0x000001d6                TPM0_IRQHandler
                0x000001de                TPM1_IRQHandler
                0x000001e6                TPM2_IRQHandler
                0x000001ee                RTC_IRQHandler
                0x000001f6                RTC_Seconds_IRQHandler
                0x000001fe                PIT_IRQHandler
                0x00000206                Reserved39_IRQHandler
                0x0000020e                USB0_IRQHandler
                0x00000216                DAC0_IRQHandler
                0x0000021e                TSI0_IRQHandler
                0x00000226                MCG_IRQHandler
                0x0000022e                LPTMR0_IRQHandler
                0x00000236                Reserved45_IRQHandler
                0x00000246                PORTD_IRQHandler
                0x00000400                . = 0x400
 *fill*         0x0000024e      0x1b2 ff
                0x00000400                PROVIDE (__FLASH_CONFIG_START__ = .)
 *(SORT_BY_ALIGNMENT(.FlashConfig))
 .FlashConfig   0x00000400       0x10 ./startup/startup_mkl25z4.o
                0x00000400                Flash_Config
                0x00000410                PROVIDE (__FLASH_CONFIG_END__ = .)
                0x00000001                ASSERT (! ((__FLASH_CONFIG_START__ == __FLASH_CONFIG_END__)), Linker Flash Config Support Enabled, but no .FlashConfig section provided within application)
 *(SORT_BY_ALIGNMENT(.text*))
 .text.DbgConsole_Init
                0x00000410       0xf0 ./utilities/fsl_debug_console.o
                0x00000410                DbgConsole_Init
 .text.statemachine1
                0x00000500       0x90 ./source/PR4.o
                0x00000500                statemachine1
 .text.statemachine2
                0x00000590       0x5c ./source/PR4.o
                0x00000590                statemachine2
 .text.main     0x000005ec       0x50 ./source/PR4.o
                0x000005ec                main
 .text.PORTA_IRQHandler
                0x0000063c       0x3c ./source/PR4.o
                0x0000063c                PORTA_IRQHandler
 .text.HardFault_Handler
                0x00000678       0x30 ./source/semihost_hardfault.o
                0x00000678                HardFault_Handler
 .text.CLOCK_SetEr32kClock
                0x000006a8       0x34 ./drivers/fsl_clock.o
 .text.CLOCK_SetPllFllSelClock
                0x000006dc       0x38 ./drivers/fsl_clock.o
 .text.CLOCK_GetMcgExtClkFreq
                0x00000714       0x28 ./drivers/fsl_clock.o
 .text.CLOCK_GetFllExtRefClkFreq
                0x0000073c       0xa4 ./drivers/fsl_clock.o
 .text.CLOCK_GetFllRefClkFreq
                0x000007e0       0x2c ./drivers/fsl_clock.o
 .text.CLOCK_GetOscRangeFromFreq
                0x0000080c       0x4c ./drivers/fsl_clock.o
 .text.CLOCK_GetPllFllSelClkFreq
                0x00000858       0x4c ./drivers/fsl_clock.o
                0x00000858                CLOCK_GetPllFllSelClkFreq
 .text.CLOCK_SetSimConfig
                0x000008a4       0x38 ./drivers/fsl_clock.o
                0x000008a4                CLOCK_SetSimConfig
 .text.CLOCK_GetFllFreq
                0x000008dc       0x84 ./drivers/fsl_clock.o
                0x000008dc                CLOCK_GetFllFreq
 .text.CLOCK_GetPll0Freq
                0x00000960       0x70 ./drivers/fsl_clock.o
                0x00000960                CLOCK_GetPll0Freq
 .text.CLOCK_SetInternalRefClkConfig
                0x000009d0      0x124 ./drivers/fsl_clock.o
                0x000009d0                CLOCK_SetInternalRefClkConfig
 .text.CLOCK_EnablePll0
                0x00000af4       0x90 ./drivers/fsl_clock.o
                0x00000af4                CLOCK_EnablePll0
 .text.CLOCK_InitOsc0
                0x00000b84       0x94 ./drivers/fsl_clock.o
                0x00000b84                CLOCK_InitOsc0
 .text.CLOCK_SetPbeMode
                0x00000c18       0xb0 ./drivers/fsl_clock.o
                0x00000c18                CLOCK_SetPbeMode
 .text.CLOCK_BootToPeeMode
                0x00000cc8       0x70 ./drivers/fsl_clock.o
                0x00000cc8                CLOCK_BootToPeeMode
 .text.CLOCK_EnableClock
                0x00000d38       0x34 ./drivers/fsl_lpsci.o
 .text.LPSCI_GetInstance
                0x00000d6c       0x48 ./drivers/fsl_lpsci.o
                0x00000d6c                LPSCI_GetInstance
 .text.LPSCI_Init
                0x00000db4      0x258 ./drivers/fsl_lpsci.o
                0x00000db4                LPSCI_Init
 .text.LPSCI_GetDefaultConfig
                0x0000100c       0x44 ./drivers/fsl_lpsci.o
                0x0000100c                LPSCI_GetDefaultConfig
 .text.LPSCI_ClearStatusFlags
                0x00001050       0x94 ./drivers/fsl_lpsci.o
                0x00001050                LPSCI_ClearStatusFlags
 .text.LPSCI_WriteBlocking
                0x000010e4       0x4c ./drivers/fsl_lpsci.o
                0x000010e4                LPSCI_WriteBlocking
 .text.LPSCI_ReadBlocking
                0x00001130       0xc0 ./drivers/fsl_lpsci.o
                0x00001130                LPSCI_ReadBlocking
 .text.UART0_DriverIRQHandler
                0x000011f0       0x24 ./drivers/fsl_lpsci.o
                0x000011f0                UART0_DriverIRQHandler
 .text.CLOCK_EnableClock
                0x00001214       0x34 ./drivers/fsl_uart.o
 .text.UART_GetInstance
                0x00001248       0x54 ./drivers/fsl_uart.o
                0x00001248                UART_GetInstance
 .text.UART_Init
                0x0000129c      0x1e0 ./drivers/fsl_uart.o
                0x0000129c                UART_Init
 .text.UART_GetDefaultConfig
                0x0000147c       0x44 ./drivers/fsl_uart.o
                0x0000147c                UART_GetDefaultConfig
 .text.UART_ReadBlocking
                0x000014c0       0x98 ./drivers/fsl_uart.o
                0x000014c0                UART_ReadBlocking
 .text.UART1_DriverIRQHandler
                0x00001558       0x24 ./drivers/fsl_uart.o
                0x00001558                UART1_DriverIRQHandler
 .text.UART2_DriverIRQHandler
                0x0000157c       0x24 ./drivers/fsl_uart.o
                0x0000157c                UART2_DriverIRQHandler
 .text.pause    0x000015a0       0x24 ./board/TMP102.o
                0x000015a0                pause
 .text.I2C_Init
                0x000015c4       0x94 ./board/TMP102.o
                0x000015c4                I2C_Init
 .text.I2C_Transmit
                0x00001658      0x110 ./board/TMP102.o
                0x00001658                I2C_Transmit
 .text.I2C_Read
                0x00001768      0x1a0 ./board/TMP102.o
                0x00001768                I2C_Read
 .text.All_Init
                0x00001908       0x78 ./board/TMP102.o
                0x00001908                All_Init
 .text.CLOCK_SetLpsci0Clock
                0x00001980       0x38 ./board/board.o
 .text.BOARD_InitDebugConsole
                0x000019b8       0x30 ./board/board.o
                0x000019b8                BOARD_InitDebugConsole
 .text.CLOCK_SetSimSafeDivs
                0x000019e8       0x20 ./board/clock_config.o
 .text.CLOCK_SetXtal0Freq
                0x00001a08       0x1c ./board/clock_config.o
 .text.CLOCK_CONFIG_SetFllExtRefDiv
                0x00001a24       0x3c ./board/clock_config.o
 .text.BOARD_BootClockRUN
                0x00001a60       0x64 ./board/clock_config.o
                0x00001a60                BOARD_BootClockRUN
 .text.disconnectcheck
                0x00001ac4       0x28 ./board/events.o
                0x00001ac4                disconnectcheck
 .text.gettemp  0x00001aec       0x24 ./board/events.o
                0x00001aec                gettemp
 .text.disablealert
                0x00001b10       0x34 ./board/events.o
                0x00001b10                disablealert
 .text.timerfor15s
                0x00001b44       0x40 ./board/events.o
                0x00001b44                timerfor15s
 .text.enablealert
                0x00001b84       0x30 ./board/events.o
                0x00001b84                enablealert
 .text.temp_readinghandler
                0x00001bb4       0x2c ./board/events.o
                0x00001bb4                temp_readinghandler
 .text.average_handler
                0x00001be0      0x118 ./board/events.o
                0x00001be0                average_handler
 .text.alert_handler
                0x00001cf8       0x34 ./board/events.o
                0x00001cf8                alert_handler
 .text.delay    0x00001d2c       0x3c ./board/led_board.o
                0x00001d2c                delay
 .text.LED_Initialise
                0x00001d68       0x60 ./board/led_board.o
                0x00001d68                LED_Initialise
 .text.ALLLED_OFF
                0x00001dc8       0x38 ./board/led_board.o
                0x00001dc8                ALLLED_OFF
 .text.LED_PASS
                0x00001e00       0x24 ./board/led_board.o
                0x00001e00                LED_PASS
 .text.LED_PROCESS
                0x00001e24       0x20 ./board/led_board.o
                0x00001e24                LED_PROCESS
 .text.LED_FAIL
                0x00001e44       0x24 ./board/led_board.o
                0x00001e44                LED_FAIL
 .text.CLOCK_EnableClock
                0x00001e68       0x34 ./board/pin_mux.o
 .text.PORT_SetPinMux
                0x00001e9c       0x40 ./board/pin_mux.o
 .text.BOARD_InitPins
                0x00001edc       0x90 ./board/pin_mux.o
                0x00001edc                BOARD_InitPins
 .text.SystemInit
                0x00001f6c       0x18 ./CMSIS/system_MKL25Z4.o
                0x00001f6c                SystemInit
 .text.__assertion_failed
                0x00001f84       0x4c c:/nxp/mcuxpressoide_11.0.1_2563/ide/plugins/com.nxp.mcuxpresso.tools.win32_11.0.1.201907311258/tools/bin/../lib/gcc/arm-none-eabi/8.2.1/../../../../arm-none-eabi/lib/thumb/v6-m/nofp\libcr_semihost_nf.a(_cr_assert.o)
                0x00001f84                __assertion_failed
 .text.__sys_appexit
                0x00001fd0        0xc c:/nxp/mcuxpressoide_11.0.1_2563/ide/plugins/com.nxp.mcuxpresso.tools.win32_11.0.1.201907311258/tools/bin/../lib/gcc/arm-none-eabi/8.2.1/../../../../arm-none-eabi/lib/thumb/v6-m/nofp\libcr_semihost_nf.a(__sys_appexit.o)
                0x00001fd0                __sys_appexit
                0x00001fd0                __exit
 .text._deferredlazyseek
                0x00001fdc       0x40 c:/nxp/mcuxpressoide_11.0.1_2563/ide/plugins/com.nxp.mcuxpresso.tools.win32_11.0.1.201907311258/tools/bin/../lib/gcc/arm-none-eabi/8.2.1/../../../../arm-none-eabi/lib/thumb/v6-m/nofp\libcr_c.a(_deferredlazyseek.o)
                0x00001fdc                _deferredlazyseek
 .text.__flsbuf
                0x0000201c      0x14c c:/nxp/mcuxpressoide_11.0.1_2563/ide/plugins/com.nxp.mcuxpresso.tools.win32_11.0.1.201907311258/tools/bin/../lib/gcc/arm-none-eabi/8.2.1/../../../../arm-none-eabi/lib/thumb/v6-m/nofp\libcr_c.a(_deferredlazyseek.o)
                0x0000201c                __flsbuf
 .text._fflush  0x00002168       0x5c c:/nxp/mcuxpressoide_11.0.1_2563/ide/plugins/com.nxp.mcuxpresso.tools.win32_11.0.1.201907311258/tools/bin/../lib/gcc/arm-none-eabi/8.2.1/../../../../arm-none-eabi/lib/thumb/v6-m/nofp\libcr_c.a(_fflush.o)
                0x00002168                _fflush
 .text._Cwritebuf
                0x000021c4       0x68 c:/nxp/mcuxpressoide_11.0.1_2563/ide/plugins/com.nxp.mcuxpresso.tools.win32_11.0.1.201907311258/tools/bin/../lib/gcc/arm-none-eabi/8.2.1/../../../../arm-none-eabi/lib/thumb/v6-m/nofp\libcr_c.a(_writebuf.o)
                0x000021c4                _Cwritebuf
 .text.malloc   0x0000222c       0xcc c:/nxp/mcuxpressoide_11.0.1_2563/ide/plugins/com.nxp.mcuxpresso.tools.win32_11.0.1.201907311258/tools/bin/../lib/gcc/arm-none-eabi/8.2.1/../../../../arm-none-eabi/lib/thumb/v6-m/nofp\libcr_c.a(alloc.o)
                0x0000222c                malloc
 .text._Csys_alloc
                0x000022f8       0x20 c:/nxp/mcuxpressoide_11.0.1_2563/ide/plugins/com.nxp.mcuxpresso.tools.win32_11.0.1.201907311258/tools/bin/../lib/gcc/arm-none-eabi/8.2.1/../../../../arm-none-eabi/lib/thumb/v6-m/nofp\libcr_c.a(alloc.o)
                0x000022f8                _Csys_alloc
 .text.fseek    0x00002318       0xf0 c:/nxp/mcuxpressoide_11.0.1_2563/ide/plugins/com.nxp.mcuxpresso.tools.win32_11.0.1.201907311258/tools/bin/../lib/gcc/arm-none-eabi/8.2.1/../../../../arm-none-eabi/lib/thumb/v6-m/nofp\libcr_c.a(fseek.o)
                0x00002318                fseek
 .text.ftell    0x00002408       0x48 c:/nxp/mcuxpressoide_11.0.1_2563/ide/plugins/com.nxp.mcuxpresso.tools.win32_11.0.1.201907311258/tools/bin/../lib/gcc/arm-none-eabi/8.2.1/../../../../arm-none-eabi/lib/thumb/v6-m/nofp\libcr_c.a(ftell.o)
                0x00002408                ftell
 .text._initio  0x00002450       0x7c c:/nxp/mcuxpressoide_11.0.1_2563/ide/plugins/com.nxp.mcuxpresso.tools.win32_11.0.1.201907311258/tools/bin/../lib/gcc/arm-none-eabi/8.2.1/../../../../arm-none-eabi/lib/thumb/v6-m/nofp\libcr_c.a(initio.o)
                0x00002450                _initio
 .text.__vfprintf
                0x000024cc      0xcd8 c:/nxp/mcuxpressoide_11.0.1_2563/ide/plugins/com.nxp.mcuxpresso.tools.win32_11.0.1.201907311258/tools/bin/../lib/gcc/arm-none-eabi/8.2.1/../../../../arm-none-eabi/lib/thumb/v6-m/nofp\libcr_c.a(printf.o)
                0x000024cc                __vfprintf
 .text._vsnprintf
                0x000031a4       0x70 c:/nxp/mcuxpressoide_11.0.1_2563/ide/plugins/com.nxp.mcuxpresso.tools.win32_11.0.1.201907311258/tools/bin/../lib/gcc/arm-none-eabi/8.2.1/../../../../arm-none-eabi/lib/thumb/v6-m/nofp\libcr_c.a(printf.o)
                0x000031a4                _vsnprintf
 .text._printf  0x00003214       0x50 c:/nxp/mcuxpressoide_11.0.1_2563/ide/plugins/com.nxp.mcuxpresso.tools.win32_11.0.1.201907311258/tools/bin/../lib/gcc/arm-none-eabi/8.2.1/../../../../arm-none-eabi/lib/thumb/v6-m/nofp\libcr_c.a(printf.o)
                0x00003214                _printf
 .text.setvbuf  0x00003264       0x4c c:/nxp/mcuxpressoide_11.0.1_2563/ide/plugins/com.nxp.mcuxpresso.tools.win32_11.0.1.201907311258/tools/bin/../lib/gcc/arm-none-eabi/8.2.1/../../../../arm-none-eabi/lib/thumb/v6-m/nofp\libcr_c.a(setvbuf.o)
                0x00003264                setvbuf
 .text.strlen   0x000032b0       0x58 c:/nxp/mcuxpressoide_11.0.1_2563/ide/plugins/com.nxp.mcuxpresso.tools.win32_11.0.1.201907311258/tools/bin/../lib/gcc/arm-none-eabi/8.2.1/../../../../arm-none-eabi/lib/thumb/v6-m/nofp\libcr_c.a(strlen.o)
                0x000032b0                strlen
 .text._sbrk    0x00003308       0x40 c:/nxp/mcuxpressoide_11.0.1_2563/ide/plugins/com.nxp.mcuxpresso.tools.win32_11.0.1.201907311258/tools/bin/../lib/gcc/arm-none-eabi/8.2.1/../../../../arm-none-eabi/lib/thumb/v6-m/nofp\libcr_c.a(_cr_sbrk.o)
                0x00003308                _sbrk
 .text._fdopen  0x00003348       0x74 c:/nxp/mcuxpressoide_11.0.1_2563/ide/plugins/com.nxp.mcuxpresso.tools.win32_11.0.1.201907311258/tools/bin/../lib/gcc/arm-none-eabi/8.2.1/../../../../arm-none-eabi/lib/thumb/v6-m/nofp\libcr_c.a(_fdopen.o)
                0x00003348                _fdopen
 .text.fclose   0x000033bc       0x5c c:/nxp/mcuxpressoide_11.0.1_2563/ide/plugins/com.nxp.mcuxpresso.tools.win32_11.0.1.201907311258/tools/bin/../lib/gcc/arm-none-eabi/8.2.1/../../../../arm-none-eabi/lib/thumb/v6-m/nofp\libcr_c.a(fclose.o)
                0x000033bc                fclose
 .text.fflush   0x00003418       0x44 c:/nxp/mcuxpressoide_11.0.1_2563/ide/plugins/com.nxp.mcuxpresso.tools.win32_11.0.1.201907311258/tools/bin/../lib/gcc/arm-none-eabi/8.2.1/../../../../arm-none-eabi/lib/thumb/v6-m/nofp\libcr_c.a(fflush.o)
                0x00003418                fflush
 .text.__check_heap_overflow
                0x0000345c       0x14 c:/nxp/mcuxpressoide_11.0.1_2563/ide/plugins/com.nxp.mcuxpresso.tools.win32_11.0.1.201907311258/tools/bin/../lib/gcc/arm-none-eabi/8.2.1/../../../../arm-none-eabi/lib/thumb/v6-m/nofp\libcr_c.a(_cr_check_heap.o)
                0x0000345c                __check_heap_overflow
 .text._do_fflush
                0x00003470       0x44 c:/nxp/mcuxpressoide_11.0.1_2563/ide/plugins/com.nxp.mcuxpresso.tools.win32_11.0.1.201907311258/tools/bin/../lib/gcc/arm-none-eabi/8.2.1/../../../../arm-none-eabi/lib/thumb/v6-m/nofp\libcr_c.a(_do_fflush.o)
                0x00003470                _do_fflush
 .text.UART_EnableTx
                0x000034b4       0x40 ./utilities/fsl_debug_console.o
 .text.UART_EnableRx
                0x000034f4       0x40 ./utilities/fsl_debug_console.o
 .text.LPSCI_EnableTx
                0x00003534       0x40 ./utilities/fsl_debug_console.o
 .text.LPSCI_EnableRx
                0x00003574       0x40 ./utilities/fsl_debug_console.o
 .text.init     0x000035b4       0x12 ./source/PR4.o
                0x000035b4                init
 .text.post     0x000035c6       0x1a ./source/PR4.o
                0x000035c6                post
 .text.OSC_SetExtRefClkConfig
                0x000035e0       0x3e ./drivers/fsl_clock.o
 .text.OSC_SetCapLoad
                0x0000361e       0x42 ./drivers/fsl_clock.o
 .text.CLOCK_GetPll0RefFreq
                0x00003660       0x10 ./drivers/fsl_clock.o
 .text.CLOCK_SetExternalRefClkConfig
                0x00003670       0x16 ./drivers/fsl_clock.o
                0x00003670                CLOCK_SetExternalRefClkConfig
 .text.LPSCI_GetStatusFlags
                0x00003686       0x26 ./drivers/fsl_lpsci.o
                0x00003686                LPSCI_GetStatusFlags
 .text.UART_GetStatusFlags
                0x000036ac       0x26 ./drivers/fsl_uart.o
                0x000036ac                UART_GetStatusFlags
 .text.UART_WriteBlocking
                0x000036d2       0x3a ./drivers/fsl_uart.o
                0x000036d2                UART_WriteBlocking
 .text.disconnect1
                0x0000370c       0x30 ./board/TMP102.o
                0x0000370c                disconnect1
 .text.BOARD_InitBootClocks
                0x0000373c        0xe ./board/clock_config.o
                0x0000373c                BOARD_InitBootClocks
 .text.GPIO_WritePinOutput
                0x0000374a       0x34 ./board/led_board.o
 .text.GPIO_SetPinsOutput
                0x0000377e       0x18 ./board/led_board.o
 .text.GPIO_ClearPinsOutput
                0x00003796       0x18 ./board/led_board.o
 .text.BOARD_InitBootPeripherals
                0x000037ae        0xa ./board/peripherals.o
                0x000037ae                BOARD_InitBootPeripherals
 .text.BOARD_InitBootPins
                0x000037b8        0xe ./board/pin_mux.o
                0x000037b8                BOARD_InitBootPins
 .text.__main   0x000037c6        0xc c:/nxp/mcuxpressoide_11.0.1_2563/ide/plugins/com.nxp.mcuxpresso.tools.win32_11.0.1.201907311258/tools/bin/../lib/gcc/arm-none-eabi/8.2.1/../../../../arm-none-eabi/lib/thumb/v6-m/nofp\libcr_semihost_nf.a(_cr__main.o)
                0x000037c6                __CR_SEMIHOST
                0x000037c6                __main
 .text.memset   0x000037d2        0x8 c:/nxp/mcuxpressoide_11.0.1_2563/ide/plugins/com.nxp.mcuxpresso.tools.win32_11.0.1.201907311258/tools/bin/../lib/gcc/arm-none-eabi/8.2.1/../../../../arm-none-eabi/lib/thumb/v6-m/nofp\libcr_c.a(memset.o)
                0x000037d2                memset
 .text.free     0x000037da       0x2c c:/nxp/mcuxpressoide_11.0.1_2563/ide/plugins/com.nxp.mcuxpresso.tools.win32_11.0.1.201907311258/tools/bin/../lib/gcc/arm-none-eabi/8.2.1/../../../../arm-none-eabi/lib/thumb/v6-m/nofp\libcr_c.a(alloc.o)
                0x000037da                free
 .text.fputs    0x00003806       0x2e c:/nxp/mcuxpressoide_11.0.1_2563/ide/plugins/com.nxp.mcuxpresso.tools.win32_11.0.1.201907311258/tools/bin/../lib/gcc/arm-none-eabi/8.2.1/../../../../arm-none-eabi/lib/thumb/v6-m/nofp\libcr_c.a(fputs.o)
                0x00003806                fputs
 .text.no_fp_display
                0x00003834        0x4 c:/nxp/mcuxpressoide_11.0.1_2563/ide/plugins/com.nxp.mcuxpresso.tools.win32_11.0.1.201907311258/tools/bin/../lib/gcc/arm-none-eabi/8.2.1/../../../../arm-none-eabi/lib/thumb/v6-m/nofp\libcr_c.a(printf.o)
 .text.remove   0x00003838       0x12 c:/nxp/mcuxpressoide_11.0.1_2563/ide/plugins/com.nxp.mcuxpresso.tools.win32_11.0.1.201907311258/tools/bin/../lib/gcc/arm-none-eabi/8.2.1/../../../../arm-none-eabi/lib/thumb/v6-m/nofp\libcr_c.a(remove.o)
                0x00003838                remove
 .text.__aeabi_division_idivmod
                0x0000384a       0x78 c:/nxp/mcuxpressoide_11.0.1_2563/ide/plugins/com.nxp.mcuxpresso.tools.win32_11.0.1.201907311258/tools/bin/../lib/gcc/arm-none-eabi/8.2.1/thumb/v6-m/nofp\libcr_eabihelpers.a(division_32.o)
                0x0000384a                __aeabi_idivmod
                0x0000384a                __aeabi_idiv
                0x00003850                __aeabi_uidivmod
                0x00003850                __aeabi_uidiv
 .text.__aeabi_division_idiv0
                0x000038c2        0x2 c:/nxp/mcuxpressoide_11.0.1_2563/ide/plugins/com.nxp.mcuxpresso.tools.win32_11.0.1.201907311258/tools/bin/../lib/gcc/arm-none-eabi/8.2.1/thumb/v6-m/nofp\libcr_eabihelpers.a(division_idiv0.o)
                0x000038c2                __aeabi_idiv0
 .text.__aeabi_llong_lmul
                0x000038c4       0x2e c:/nxp/mcuxpressoide_11.0.1_2563/ide/plugins/com.nxp.mcuxpresso.tools.win32_11.0.1.201907311258/tools/bin/../lib/gcc/arm-none-eabi/8.2.1/thumb/v6-m/nofp\libcr_eabihelpers.a(llong.o)
                0x000038c4                __aeabi_lmul
 .text.__aeabi_memset_lowlevel
                0x000038f2       0x2a c:/nxp/mcuxpressoide_11.0.1_2563/ide/plugins/com.nxp.mcuxpresso.tools.win32_11.0.1.201907311258/tools/bin/../lib/gcc/arm-none-eabi/8.2.1/thumb/v6-m/nofp\libcr_eabihelpers.a(memcpy.o)
                0x000038f2                __aeabi_lowlevel_memset
 .text.__sys_close
                0x0000391c        0xc c:/nxp/mcuxpressoide_11.0.1_2563/ide/plugins/com.nxp.mcuxpresso.tools.win32_11.0.1.201907311258/tools/bin/../lib/gcc/arm-none-eabi/8.2.1/../../../../arm-none-eabi/lib/thumb/v6-m/nofp\libcr_semihost_nf.a(__sys_close.o)
                0x0000391c                __sys_close
 .text.__sys_flen
                0x00003928        0xc c:/nxp/mcuxpressoide_11.0.1_2563/ide/plugins/com.nxp.mcuxpresso.tools.win32_11.0.1.201907311258/tools/bin/../lib/gcc/arm-none-eabi/8.2.1/../../../../arm-none-eabi/lib/thumb/v6-m/nofp\libcr_semihost_nf.a(__sys_flen.o)
                0x00003928                __sys_flen
 .text.__sys_istty
                0x00003934        0xc c:/nxp/mcuxpressoide_11.0.1_2563/ide/plugins/com.nxp.mcuxpresso.tools.win32_11.0.1.201907311258/tools/bin/../lib/gcc/arm-none-eabi/8.2.1/../../../../arm-none-eabi/lib/thumb/v6-m/nofp\libcr_semihost_nf.a(__sys_istty.o)
                0x00003934                __sys_istty
 .text.__sys_remove
                0x00003940        0xc c:/nxp/mcuxpressoide_11.0.1_2563/ide/plugins/com.nxp.mcuxpresso.tools.win32_11.0.1.201907311258/tools/bin/../lib/gcc/arm-none-eabi/8.2.1/../../../../arm-none-eabi/lib/thumb/v6-m/nofp\libcr_semihost_nf.a(__sys_remove.o)
                0x00003940                __sys_remove
 .text.__sys_seek
                0x0000394c        0xc c:/nxp/mcuxpressoide_11.0.1_2563/ide/plugins/com.nxp.mcuxpresso.tools.win32_11.0.1.201907311258/tools/bin/../lib/gcc/arm-none-eabi/8.2.1/../../../../arm-none-eabi/lib/thumb/v6-m/nofp\libcr_semihost_nf.a(__sys_seek.o)
                0x0000394c                __sys_seek
 .text.__sys_tmpnam
                0x00003958        0xc c:/nxp/mcuxpressoide_11.0.1_2563/ide/plugins/com.nxp.mcuxpresso.tools.win32_11.0.1.201907311258/tools/bin/../lib/gcc/arm-none-eabi/8.2.1/../../../../arm-none-eabi/lib/thumb/v6-m/nofp\libcr_semihost_nf.a(__sys_tmpnam.o)
                0x00003958                __sys_tmpnam
 .text.__sys_write
                0x00003964        0xc c:/nxp/mcuxpressoide_11.0.1_2563/ide/plugins/com.nxp.mcuxpresso.tools.win32_11.0.1.201907311258/tools/bin/../lib/gcc/arm-none-eabi/8.2.1/../../../../arm-none-eabi/lib/thumb/v6-m/nofp\libcr_semihost_nf.a(__sys_write.o)
                0x00003964                __sys_write
 *(SORT_BY_ALIGNMENT(.rodata) SORT_BY_ALIGNMENT(.rodata.*) SORT_BY_ALIGNMENT(.constdata) SORT_BY_ALIGNMENT(.constdata.*))
 .rodata        0x00003970       0x13 ./source/PR4.o
 *fill*         0x00003983        0x1 ff
 .rodata.__func__.5454
                0x00003984        0xe ./source/PR4.o
 *fill*         0x00003992        0x2 ff
 .rodata.__func__.5464
                0x00003994        0xe ./source/PR4.o
 *fill*         0x000039a2        0x2 ff
 .rodata        0x000039a4      0x11d ./drivers/fsl_clock.o
 *fill*         0x00003ac1        0x3 ff
 .rodata.fllFactorTable.5230
                0x00003ac4       0x10 ./drivers/fsl_clock.o
 .rodata        0x00003ad4      0x48c ./drivers/fsl_lpsci.o
 .rodata.s_uartBases
                0x00003f60        0xc ./drivers/fsl_uart.o
 .rodata.s_uartClock
                0x00003f6c        0xc ./drivers/fsl_uart.o
 .rodata        0x00003f78      0x45b ./drivers/fsl_uart.o
 *fill*         0x000043d3        0x1 ff
 .rodata.mcgConfig_BOARD_BootClockRUN
                0x000043d4        0xa ./board/clock_config.o
                0x000043d4                mcgConfig_BOARD_BootClockRUN
 *fill*         0x000043de        0x2 ff
 .rodata.simConfig_BOARD_BootClockRUN
                0x000043e0        0x8 ./board/clock_config.o
                0x000043e0                simConfig_BOARD_BootClockRUN
 .rodata.oscConfig_BOARD_BootClockRUN
                0x000043e8        0x8 ./board/clock_config.o
                0x000043e8                oscConfig_BOARD_BootClockRUN
 .rodata        0x000043f0       0x84 ./board/events.o
 .rodata.__func__.5452
                0x00004474       0x10 ./board/events.o
 .rodata.__num_Ciob_streams
                0x00004484        0x4 c:/nxp/mcuxpressoide_11.0.1_2563/ide/plugins/com.nxp.mcuxpresso.tools.win32_11.0.1.201907311258/tools/bin/../lib/gcc/arm-none-eabi/8.2.1/../../../../arm-none-eabi/lib/thumb/v6-m/nofp\libcr_semihost_nf.a(__ciob.o)
                0x00004484                __num_Ciob_streams
 .rodata.__assertion_failed.str1.1
                0x00004488       0x15 c:/nxp/mcuxpressoide_11.0.1_2563/ide/plugins/com.nxp.mcuxpresso.tools.win32_11.0.1.201907311258/tools/bin/../lib/gcc/arm-none-eabi/8.2.1/../../../../arm-none-eabi/lib/thumb/v6-m/nofp\libcr_semihost_nf.a(_cr_assert.o)
 .rodata._Csys_alloc.str1.1
                0x0000449d       0x18 c:/nxp/mcuxpressoide_11.0.1_2563/ide/plugins/com.nxp.mcuxpresso.tools.win32_11.0.1.201907311258/tools/bin/../lib/gcc/arm-none-eabi/8.2.1/../../../../arm-none-eabi/lib/thumb/v6-m/nofp\libcr_c.a(alloc.o)
 .rodata._initio.str1.1
                0x000044b5        0x4 c:/nxp/mcuxpressoide_11.0.1_2563/ide/plugins/com.nxp.mcuxpresso.tools.win32_11.0.1.201907311258/tools/bin/../lib/gcc/arm-none-eabi/8.2.1/../../../../arm-none-eabi/lib/thumb/v6-m/nofp\libcr_c.a(initio.o)
 .rodata.__vfprintf.str1.1
                0x000044b9       0x35 c:/nxp/mcuxpressoide_11.0.1_2563/ide/plugins/com.nxp.mcuxpresso.tools.win32_11.0.1.201907311258/tools/bin/../lib/gcc/arm-none-eabi/8.2.1/../../../../arm-none-eabi/lib/thumb/v6-m/nofp\libcr_c.a(printf.o)
                                 0x38 (size before relaxing)
                0x000044f0                . = ALIGN (0x4)
 *fill*         0x000044ee        0x2 ff

.glue_7         0x000044f0        0x0
 .glue_7        0x000044f0        0x0 linker stubs

.glue_7t        0x000044f0        0x0
 .glue_7t       0x000044f0        0x0 linker stubs

.vfp11_veneer   0x000044f0        0x0
 .vfp11_veneer  0x000044f0        0x0 linker stubs

.v4_bx          0x000044f0        0x0
 .v4_bx         0x000044f0        0x0 linker stubs

.iplt           0x000044f0        0x0
 .iplt          0x000044f0        0x0 ./utilities/fsl_debug_console.o

.rel.dyn        0x000044f0        0x0
 .rel.iplt      0x000044f0        0x0 ./utilities/fsl_debug_console.o

.ARM.extab
 *(SORT_BY_ALIGNMENT(.ARM.extab*) SORT_BY_ALIGNMENT(.gnu.linkonce.armextab.*))
                0x000044f0                __exidx_start = .

.ARM.exidx
 *(SORT_BY_ALIGNMENT(.ARM.exidx*) SORT_BY_ALIGNMENT(.gnu.linkonce.armexidx.*))
                0x000044f0                __exidx_end = .
                0x000044f0                _etext = .

.m_usb_data
 *(SORT_BY_ALIGNMENT(m_usb_bdt))

.mtb_buffer_default
                0x1ffff000       0x80
 *(SORT_BY_ALIGNMENT(.mtb*))
 .mtb.$RAM1     0x1ffff000       0x80 ./source/mtb.o
                0x1ffff000                __mtb_buffer__

.uninit_RESERVED
                0x1ffff080        0x0
                0x1ffff080                . = ALIGN (0x4)
 *(SORT_BY_ALIGNMENT(.bss.$RESERVED*))
                0x1ffff080                . = ALIGN (0x4)
                0x1ffff080                _end_uninit_RESERVED = .

.data           0x1ffff080       0x50 load address 0x000044f0
 FILL mask 0xff
                0x1ffff080                _data = .
 *(SORT_BY_ALIGNMENT(vtable))
 *(SORT_BY_ALIGNMENT(.ramfunc*))
 *(SORT_BY_ALIGNMENT(CodeQuickAccess))
 *(SORT_BY_ALIGNMENT(DataQuickAccess))
 *(SORT_BY_ALIGNMENT(RamFunction))
 *(SORT_BY_ALIGNMENT(.data*))
 .data.sm1      0x1ffff080        0x4 ./source/PR4.o
                0x1ffff080                sm1
 .data.functiontable
                0x1ffff084       0x40 ./source/PR4.o
                0x1ffff084                functiontable
 .data.s_slowIrcFreq
                0x1ffff0c4        0x4 ./drivers/fsl_clock.o
 .data.SystemCoreClock
                0x1ffff0c8        0x4 ./CMSIS/system_MKL25Z4.o
                0x1ffff0c8                SystemCoreClock
 .data.timeoutcounter
                0x1ffff0cc        0x1 ./source/PR4.o
                0x1ffff0cc                timeoutcounter
 .data.state    0x1ffff0cd        0x1 ./source/PR4.o
                0x1ffff0cd                state
                0x1ffff0d0                . = ALIGN (0x4)
 *fill*         0x1ffff0ce        0x2 ff
                0x1ffff0d0                _edata = .

.igot.plt       0x1ffff0d0        0x0 load address 0x00004540
 .igot.plt      0x1ffff0d0        0x0 ./utilities/fsl_debug_console.o

.bss            0x1ffff0d0      0x138 load address 0x00004540
                0x1ffff0d0                . = ALIGN (0x4)
                0x1ffff0d0                _bss = .
 *(SORT_BY_ALIGNMENT(.bss*))
 .bss.s_debugConsole
                0x1ffff0d0       0x10 ./utilities/fsl_debug_console.o
 .bss.ucunit_checkpoints
                0x1ffff0e0       0x40 ./source/PR4.o
 .bss.sm2       0x1ffff120        0x4 ./source/PR4.o
                0x1ffff120                sm2
 .bss.currentfunction
                0x1ffff124        0x4 ./source/PR4.o
                0x1ffff124                currentfunction
 .bss.g_xtal0Freq
                0x1ffff128        0x4 ./drivers/fsl_clock.o
                0x1ffff128                g_xtal0Freq
 .bss.s_lpsciHandle
                0x1ffff12c        0x4 ./drivers/fsl_lpsci.o
 .bss.s_lpsciIsr
                0x1ffff130        0x4 ./drivers/fsl_lpsci.o
 .bss.s_uartHandle
                0x1ffff134        0xc ./drivers/fsl_uart.o
 .bss.s_uartIsr
                0x1ffff140        0x4 ./drivers/fsl_uart.o
 .bss.__Ciob    0x1ffff144       0xb4 c:/nxp/mcuxpressoide_11.0.1_2563/ide/plugins/com.nxp.mcuxpresso.tools.win32_11.0.1.201907311258/tools/bin/../lib/gcc/arm-none-eabi/8.2.1/../../../../arm-none-eabi/lib/thumb/v6-m/nofp\libcr_semihost_nf.a(__ciob.o)
                0x1ffff144                __Ciob
 .bss.__end_of_heap
                0x1ffff1f8        0x4 c:/nxp/mcuxpressoide_11.0.1_2563/ide/plugins/com.nxp.mcuxpresso.tools.win32_11.0.1.201907311258/tools/bin/../lib/gcc/arm-none-eabi/8.2.1/../../../../arm-none-eabi/lib/thumb/v6-m/nofp\libcr_c.a(__init_alloc.o)
                0x1ffff1f8                __end_of_heap
 .bss.__heaps   0x1ffff1fc        0x4 c:/nxp/mcuxpressoide_11.0.1_2563/ide/plugins/com.nxp.mcuxpresso.tools.win32_11.0.1.201907311258/tools/bin/../lib/gcc/arm-none-eabi/8.2.1/../../../../arm-none-eabi/lib/thumb/v6-m/nofp\libcr_c.a(__init_alloc.o)
                0x1ffff1fc                __heaps
 .bss.errno     0x1ffff200        0x4 c:/nxp/mcuxpressoide_11.0.1_2563/ide/plugins/com.nxp.mcuxpresso.tools.win32_11.0.1.201907311258/tools/bin/../lib/gcc/arm-none-eabi/8.2.1/../../../../arm-none-eabi/lib/thumb/v6-m/nofp\libcr_c.a(errno.o)
                0x1ffff200                errno
 .bss.sumtemp   0x1ffff204        0x1 ./source/PR4.o
                0x1ffff204                sumtemp
 .bss.reading   0x1ffff205        0x1 ./source/PR4.o
                0x1ffff205                reading
 .bss.avgtemp   0x1ffff206        0x1 ./source/PR4.o
                0x1ffff206                avgtemp
 *(SORT_BY_ALIGNMENT(COMMON))
                0x1ffff208                . = ALIGN (0x4)
 *fill*         0x1ffff207        0x1 
                0x1ffff208                _ebss = .
                [!provide]                PROVIDE (end = .)

.noinit         0x1ffff208        0x0 load address 0x00004540
                0x1ffff208                . = ALIGN (0x4)
                0x1ffff208                _noinit = .
 *(SORT_BY_ALIGNMENT(.noinit*))
                0x1ffff208                . = ALIGN (0x4)
                0x1ffff208                _end_noinit = .
                0x00000400                _HeapSize = 0x400

.heap           0x1ffff208      0x400 load address 0x00004540
                0x1ffff208                _pvHeapStart = .
                0x1ffff608                . = (. + _HeapSize)
 *fill*         0x1ffff208      0x400 
                0x1ffff608                . = ALIGN (0x4)
                0x1ffff608                _pvHeapLimit = .
                0x00000400                _StackSize = 0x400

.heap2stackfill
                0x1ffff608      0x400 load address 0x00004540
                0x1ffffa08                . = (. + _StackSize)
 *fill*         0x1ffff608      0x400 

.stack          0x20002c00        0x0
                0x20002c00                _vStackBase = .
                0x20002c00                . = ALIGN (0x4)
                0x20003000                _vStackTop = (. + _StackSize)
                0x00000000                _image_start = LOADADDR (.text)
                0x00004540                _image_end = (LOADADDR (.data) + SIZEOF (.data))
                0x00004540                _image_size = (_image_end - _image_start)
OUTPUT(PR4.axf elf32-littlearm)

.debug_info     0x00000000     0x9533
 .debug_info    0x00000000      0x9b5 ./utilities/fsl_debug_console.o
 .debug_info    0x000009b5      0x4df ./startup/startup_mkl25z4.o
 .debug_info    0x00000e94      0xb86 ./source/PR4.o
 .debug_info    0x00001a1a       0x53 ./source/mtb.o
 .debug_info    0x00001a6d       0x3c ./source/semihost_hardfault.o
 .debug_info    0x00001aa9     0x1a97 ./drivers/fsl_clock.o
 .debug_info    0x00003540     0x1469 ./drivers/fsl_lpsci.o
 .debug_info    0x000049a9     0x140a ./drivers/fsl_uart.o
 .debug_info    0x00005db3      0x844 ./board/TMP102.o
 .debug_info    0x000065f7      0x80b ./board/board.o
 .debug_info    0x00006e02      0xafe ./board/clock_config.o
 .debug_info    0x00007900      0xb67 ./board/events.o
 .debug_info    0x00008467      0x6b4 ./board/led_board.o
 .debug_info    0x00008b1b       0x3c ./board/peripherals.o
 .debug_info    0x00008b57      0x5a3 ./board/pin_mux.o
 .debug_info    0x000090fa      0x439 ./CMSIS/system_MKL25Z4.o

.debug_abbrev   0x00000000     0x1d31
 .debug_abbrev  0x00000000      0x21b ./utilities/fsl_debug_console.o
 .debug_abbrev  0x0000021b      0x18d ./startup/startup_mkl25z4.o
 .debug_abbrev  0x000003a8      0x253 ./source/PR4.o
 .debug_abbrev  0x000005fb       0x46 ./source/mtb.o
 .debug_abbrev  0x00000641       0x31 ./source/semihost_hardfault.o
 .debug_abbrev  0x00000672      0x36f ./drivers/fsl_clock.o
 .debug_abbrev  0x000009e1      0x309 ./drivers/fsl_lpsci.o
 .debug_abbrev  0x00000cea      0x323 ./drivers/fsl_uart.o
 .debug_abbrev  0x0000100d      0x233 ./board/TMP102.o
 .debug_abbrev  0x00001240      0x1a7 ./board/board.o
 .debug_abbrev  0x000013e7      0x211 ./board/clock_config.o
 .debug_abbrev  0x000015f8      0x238 ./board/events.o
 .debug_abbrev  0x00001830      0x1bf ./board/led_board.o
 .debug_abbrev  0x000019ef       0x31 ./board/peripherals.o
 .debug_abbrev  0x00001a20      0x1bb ./board/pin_mux.o
 .debug_abbrev  0x00001bdb      0x156 ./CMSIS/system_MKL25Z4.o

.debug_aranges  0x00000000      0x850
 .debug_aranges
                0x00000000       0x48 ./utilities/fsl_debug_console.o
 .debug_aranges
                0x00000048      0x160 ./startup/startup_mkl25z4.o
 .debug_aranges
                0x000001a8       0x48 ./source/PR4.o
 .debug_aranges
                0x000001f0       0x18 ./source/mtb.o
 .debug_aranges
                0x00000208       0x20 ./source/semihost_hardfault.o
 .debug_aranges
                0x00000228      0x1d8 ./drivers/fsl_clock.o
 .debug_aranges
                0x00000400      0x118 ./drivers/fsl_lpsci.o
 .debug_aranges
                0x00000518      0x130 ./drivers/fsl_uart.o
 .debug_aranges
                0x00000648       0x48 ./board/TMP102.o
 .debug_aranges
                0x00000690       0x28 ./board/board.o
 .debug_aranges
                0x000006b8       0x58 ./board/clock_config.o
 .debug_aranges
                0x00000710       0x60 ./board/events.o
 .debug_aranges
                0x00000770       0x60 ./board/led_board.o
 .debug_aranges
                0x000007d0       0x20 ./board/peripherals.o
 .debug_aranges
                0x000007f0       0x38 ./board/pin_mux.o
 .debug_aranges
                0x00000828       0x28 ./CMSIS/system_MKL25Z4.o

.debug_ranges   0x00000000      0x748
 .debug_ranges  0x00000000       0x38 ./utilities/fsl_debug_console.o
 .debug_ranges  0x00000038      0x150 ./startup/startup_mkl25z4.o
 .debug_ranges  0x00000188       0x38 ./source/PR4.o
 .debug_ranges  0x000001c0       0x10 ./source/semihost_hardfault.o
 .debug_ranges  0x000001d0      0x1c8 ./drivers/fsl_clock.o
 .debug_ranges  0x00000398      0x108 ./drivers/fsl_lpsci.o
 .debug_ranges  0x000004a0      0x120 ./drivers/fsl_uart.o
 .debug_ranges  0x000005c0       0x38 ./board/TMP102.o
 .debug_ranges  0x000005f8       0x18 ./board/board.o
 .debug_ranges  0x00000610       0x48 ./board/clock_config.o
 .debug_ranges  0x00000658       0x50 ./board/events.o
 .debug_ranges  0x000006a8       0x50 ./board/led_board.o
 .debug_ranges  0x000006f8       0x10 ./board/peripherals.o
 .debug_ranges  0x00000708       0x28 ./board/pin_mux.o
 .debug_ranges  0x00000730       0x18 ./CMSIS/system_MKL25Z4.o

.debug_macro    0x00000000     0x9285
 .debug_macro   0x00000000      0x13a ./utilities/fsl_debug_console.o
 .debug_macro   0x0000013a      0xaae ./utilities/fsl_debug_console.o
 .debug_macro   0x00000be8       0x10 ./utilities/fsl_debug_console.o
 .debug_macro   0x00000bf8       0x16 ./utilities/fsl_debug_console.o
 .debug_macro   0x00000c0e       0x10 ./utilities/fsl_debug_console.o
 .debug_macro   0x00000c1e      0x12e ./utilities/fsl_debug_console.o
 .debug_macro   0x00000d4c       0x28 ./utilities/fsl_debug_console.o
 .debug_macro   0x00000d74       0xc4 ./utilities/fsl_debug_console.o
 .debug_macro   0x00000e38       0x16 ./utilities/fsl_debug_console.o
 .debug_macro   0x00000e4e       0x22 ./utilities/fsl_debug_console.o
 .debug_macro   0x00000e70      0x5b3 ./utilities/fsl_debug_console.o
 .debug_macro   0x00001423       0x10 ./utilities/fsl_debug_console.o
 .debug_macro   0x00001433       0x3f ./utilities/fsl_debug_console.o
 .debug_macro   0x00001472       0x3a ./utilities/fsl_debug_console.o
 .debug_macro   0x000014ac       0x26 ./utilities/fsl_debug_console.o
 .debug_macro   0x000014d2      0x329 ./utilities/fsl_debug_console.o
 .debug_macro   0x000017fb       0x30 ./utilities/fsl_debug_console.o
 .debug_macro   0x0000182b     0x51e2 ./utilities/fsl_debug_console.o
 .debug_macro   0x00006a0d     0x1352 ./utilities/fsl_debug_console.o
 .debug_macro   0x00007d5f       0x3a ./utilities/fsl_debug_console.o
 .debug_macro   0x00007d99       0xf4 ./utilities/fsl_debug_console.o
 .debug_macro   0x00007e8d       0x35 ./utilities/fsl_debug_console.o
 .debug_macro   0x00007ec2       0xd2 ./utilities/fsl_debug_console.o
 .debug_macro   0x00007f94       0x2e ./utilities/fsl_debug_console.o
 .debug_macro   0x00007fc2       0x10 ./utilities/fsl_debug_console.o
 .debug_macro   0x00007fd2       0x10 ./utilities/fsl_debug_console.o
 .debug_macro   0x00007fe2       0x29 ./startup/startup_mkl25z4.o
 .debug_macro   0x0000800b      0x1a8 ./source/PR4.o
 .debug_macro   0x000081b3       0xd8 ./source/PR4.o
 .debug_macro   0x0000828b       0x16 ./source/PR4.o
 .debug_macro   0x000082a1       0x10 ./source/PR4.o
 .debug_macro   0x000082b1      0x112 ./source/PR4.o
 .debug_macro   0x000083c3       0x64 ./source/PR4.o
 .debug_macro   0x00008427       0x34 ./source/PR4.o
 .debug_macro   0x0000845b       0x6a ./source/PR4.o
 .debug_macro   0x000084c5       0x22 ./source/PR4.o
 .debug_macro   0x000084e7       0x64 ./source/PR4.o
 .debug_macro   0x0000854b      0x110 ./source/PR4.o
 .debug_macro   0x0000865b       0x2f ./source/mtb.o
 .debug_macro   0x0000868a       0x82 ./source/mtb.o
 .debug_macro   0x0000870c       0x10 ./source/mtb.o
 .debug_macro   0x0000871c       0x11 ./source/semihost_hardfault.o
 .debug_macro   0x0000872d      0x196 ./drivers/fsl_clock.o
 .debug_macro   0x000088c3       0x1c ./drivers/fsl_clock.o
 .debug_macro   0x000088df       0xec ./drivers/fsl_lpsci.o
 .debug_macro   0x000089cb       0xf2 ./drivers/fsl_uart.o
 .debug_macro   0x00008abd      0x117 ./board/TMP102.o
 .debug_macro   0x00008bd4      0x12b ./board/board.o
 .debug_macro   0x00008cff      0x123 ./board/clock_config.o
 .debug_macro   0x00008e22      0x185 ./board/events.o
 .debug_macro   0x00008fa7      0x131 ./board/led_board.o
 .debug_macro   0x000090d8       0x1b ./board/peripherals.o
 .debug_macro   0x000090f3       0xee ./board/pin_mux.o
 .debug_macro   0x000091e1       0x10 ./board/pin_mux.o
 .debug_macro   0x000091f1       0x94 ./CMSIS/system_MKL25Z4.o

.debug_line     0x00000000     0x527d
 .debug_line    0x00000000      0x40a ./utilities/fsl_debug_console.o
 .debug_line    0x0000040a      0x1e7 ./startup/startup_mkl25z4.o
 .debug_line    0x000005f1      0x448 ./source/PR4.o
 .debug_line    0x00000a39       0xd1 ./source/mtb.o
 .debug_line    0x00000b0a       0x5a ./source/semihost_hardfault.o
 .debug_line    0x00000b64     0x12b1 ./drivers/fsl_clock.o
 .debug_line    0x00001e15      0xd32 ./drivers/fsl_lpsci.o
 .debug_line    0x00002b47      0xd21 ./drivers/fsl_uart.o
 .debug_line    0x00003868      0x4c5 ./board/TMP102.o
 .debug_line    0x00003d2d      0x2ee ./board/board.o
 .debug_line    0x0000401b      0x373 ./board/clock_config.o
 .debug_line    0x0000438e      0x4a2 ./board/events.o
 .debug_line    0x00004830      0x3b1 ./board/led_board.o
 .debug_line    0x00004be1       0x5c ./board/peripherals.o
 .debug_line    0x00004c3d      0x301 ./board/pin_mux.o
 .debug_line    0x00004f3e      0x33f ./CMSIS/system_MKL25Z4.o

.debug_str      0x00000000    0x3730a
 .debug_str     0x00000000    0x315aa ./utilities/fsl_debug_console.o
                              0x31800 (size before relaxing)
 .debug_str     0x000315aa      0x3e1 ./startup/startup_mkl25z4.o
                               0x31c4 (size before relaxing)
 .debug_str     0x0003198b     0x25a0 ./source/PR4.o
                              0x33365 (size before relaxing)
 .debug_str     0x00033f2b      0x532 ./source/mtb.o
                               0x32d0 (size before relaxing)
 .debug_str     0x0003445d       0x1f ./source/semihost_hardfault.o
                               0x2dbd (size before relaxing)
 .debug_str     0x0003447c     0x15ab ./drivers/fsl_clock.o
                              0x322cb (size before relaxing)
 .debug_str     0x00035a27      0x989 ./drivers/fsl_lpsci.o
                              0x318d3 (size before relaxing)
 .debug_str     0x000363b0      0x832 ./drivers/fsl_uart.o
                              0x318f6 (size before relaxing)
 .debug_str     0x00036be2       0x81 ./board/TMP102.o
                              0x30d5c (size before relaxing)
 .debug_str     0x00036c63       0x4c ./board/board.o
                              0x31743 (size before relaxing)
 .debug_str     0x00036caf      0x300 ./board/clock_config.o
                              0x311f9 (size before relaxing)
 .debug_str     0x00036faf       0x92 ./board/events.o
                              0x332f4 (size before relaxing)
 .debug_str     0x00037041       0xbe ./board/led_board.o
                              0x31873 (size before relaxing)
 .debug_str     0x000370ff       0x31 ./board/peripherals.o
                               0x2dce (size before relaxing)
 .debug_str     0x00037130      0x18b ./board/pin_mux.o
                              0x30b0d (size before relaxing)
 .debug_str     0x000372bb       0x4f ./CMSIS/system_MKL25Z4.o
                              0x2fc35 (size before relaxing)

.comment        0x00000000       0x75
 .comment       0x00000000       0x75 ./utilities/fsl_debug_console.o
                                 0x76 (size before relaxing)
 .comment       0x00000075       0x76 ./startup/startup_mkl25z4.o
 .comment       0x00000075       0x76 ./source/PR4.o
 .comment       0x00000075       0x76 ./source/mtb.o
 .comment       0x00000075       0x76 ./source/semihost_hardfault.o
 .comment       0x00000075       0x76 ./drivers/fsl_clock.o
 .comment       0x00000075       0x76 ./drivers/fsl_lpsci.o
 .comment       0x00000075       0x76 ./drivers/fsl_uart.o
 .comment       0x00000075       0x76 ./board/TMP102.o
 .comment       0x00000075       0x76 ./board/board.o
 .comment       0x00000075       0x76 ./board/clock_config.o
 .comment       0x00000075       0x76 ./board/events.o
 .comment       0x00000075       0x76 ./board/led_board.o
 .comment       0x00000075       0x76 ./board/peripherals.o
 .comment       0x00000075       0x76 ./board/pin_mux.o
 .comment       0x00000075       0x76 ./CMSIS/system_MKL25Z4.o
 .comment       0x00000075       0x76 c:/nxp/mcuxpressoide_11.0.1_2563/ide/plugins/com.nxp.mcuxpresso.tools.win32_11.0.1.201907311258/tools/bin/../lib/gcc/arm-none-eabi/8.2.1/../../../../arm-none-eabi/lib/thumb/v6-m/nofp\libcr_semihost_nf.a(_cr__main.o)
 .comment       0x00000075       0x76 c:/nxp/mcuxpressoide_11.0.1_2563/ide/plugins/com.nxp.mcuxpresso.tools.win32_11.0.1.201907311258/tools/bin/../lib/gcc/arm-none-eabi/8.2.1/../../../../arm-none-eabi/lib/thumb/v6-m/nofp\libcr_semihost_nf.a(_cr_assert.o)
 .comment       0x00000075       0x76 c:/nxp/mcuxpressoide_11.0.1_2563/ide/plugins/com.nxp.mcuxpresso.tools.win32_11.0.1.201907311258/tools/bin/../lib/gcc/arm-none-eabi/8.2.1/../../../../arm-none-eabi/lib/thumb/v6-m/nofp\libcr_semihost_nf.a(__ciob.o)
 .comment       0x00000075       0x76 c:/nxp/mcuxpressoide_11.0.1_2563/ide/plugins/com.nxp.mcuxpresso.tools.win32_11.0.1.201907311258/tools/bin/../lib/gcc/arm-none-eabi/8.2.1/../../../../arm-none-eabi/lib/thumb/v6-m/nofp\libcr_c.a(memset.o)
 .comment       0x00000075       0x76 c:/nxp/mcuxpressoide_11.0.1_2563/ide/plugins/com.nxp.mcuxpresso.tools.win32_11.0.1.201907311258/tools/bin/../lib/gcc/arm-none-eabi/8.2.1/../../../../arm-none-eabi/lib/thumb/v6-m/nofp\libcr_c.a(_deferredlazyseek.o)
 .comment       0x00000075       0x76 c:/nxp/mcuxpressoide_11.0.1_2563/ide/plugins/com.nxp.mcuxpresso.tools.win32_11.0.1.201907311258/tools/bin/../lib/gcc/arm-none-eabi/8.2.1/../../../../arm-none-eabi/lib/thumb/v6-m/nofp\libcr_c.a(_fflush.o)
 .comment       0x00000075       0x76 c:/nxp/mcuxpressoide_11.0.1_2563/ide/plugins/com.nxp.mcuxpresso.tools.win32_11.0.1.201907311258/tools/bin/../lib/gcc/arm-none-eabi/8.2.1/../../../../arm-none-eabi/lib/thumb/v6-m/nofp\libcr_c.a(_writebuf.o)
 .comment       0x00000075       0x76 c:/nxp/mcuxpressoide_11.0.1_2563/ide/plugins/com.nxp.mcuxpresso.tools.win32_11.0.1.201907311258/tools/bin/../lib/gcc/arm-none-eabi/8.2.1/../../../../arm-none-eabi/lib/thumb/v6-m/nofp\libcr_c.a(alloc.o)
 .comment       0x00000075       0x76 c:/nxp/mcuxpressoide_11.0.1_2563/ide/plugins/com.nxp.mcuxpresso.tools.win32_11.0.1.201907311258/tools/bin/../lib/gcc/arm-none-eabi/8.2.1/../../../../arm-none-eabi/lib/thumb/v6-m/nofp\libcr_c.a(fputs.o)
 .comment       0x00000075       0x76 c:/nxp/mcuxpressoide_11.0.1_2563/ide/plugins/com.nxp.mcuxpresso.tools.win32_11.0.1.201907311258/tools/bin/../lib/gcc/arm-none-eabi/8.2.1/../../../../arm-none-eabi/lib/thumb/v6-m/nofp\libcr_c.a(fseek.o)
 .comment       0x00000075       0x76 c:/nxp/mcuxpressoide_11.0.1_2563/ide/plugins/com.nxp.mcuxpresso.tools.win32_11.0.1.201907311258/tools/bin/../lib/gcc/arm-none-eabi/8.2.1/../../../../arm-none-eabi/lib/thumb/v6-m/nofp\libcr_c.a(ftell.o)
 .comment       0x00000075       0x76 c:/nxp/mcuxpressoide_11.0.1_2563/ide/plugins/com.nxp.mcuxpresso.tools.win32_11.0.1.201907311258/tools/bin/../lib/gcc/arm-none-eabi/8.2.1/../../../../arm-none-eabi/lib/thumb/v6-m/nofp\libcr_c.a(initio.o)
 .comment       0x00000075       0x76 c:/nxp/mcuxpressoide_11.0.1_2563/ide/plugins/com.nxp.mcuxpresso.tools.win32_11.0.1.201907311258/tools/bin/../lib/gcc/arm-none-eabi/8.2.1/../../../../arm-none-eabi/lib/thumb/v6-m/nofp\libcr_c.a(printf.o)
 .comment       0x00000075       0x76 c:/nxp/mcuxpressoide_11.0.1_2563/ide/plugins/com.nxp.mcuxpresso.tools.win32_11.0.1.201907311258/tools/bin/../lib/gcc/arm-none-eabi/8.2.1/../../../../arm-none-eabi/lib/thumb/v6-m/nofp\libcr_c.a(setvbuf.o)
 .comment       0x00000075       0x76 c:/nxp/mcuxpressoide_11.0.1_2563/ide/plugins/com.nxp.mcuxpresso.tools.win32_11.0.1.201907311258/tools/bin/../lib/gcc/arm-none-eabi/8.2.1/../../../../arm-none-eabi/lib/thumb/v6-m/nofp\libcr_c.a(strlen.o)
 .comment       0x00000075       0x76 c:/nxp/mcuxpressoide_11.0.1_2563/ide/plugins/com.nxp.mcuxpresso.tools.win32_11.0.1.201907311258/tools/bin/../lib/gcc/arm-none-eabi/8.2.1/../../../../arm-none-eabi/lib/thumb/v6-m/nofp\libcr_c.a(__init_alloc.o)
 .comment       0x00000075       0x76 c:/nxp/mcuxpressoide_11.0.1_2563/ide/plugins/com.nxp.mcuxpresso.tools.win32_11.0.1.201907311258/tools/bin/../lib/gcc/arm-none-eabi/8.2.1/../../../../arm-none-eabi/lib/thumb/v6-m/nofp\libcr_c.a(_cr_sbrk.o)
 .comment       0x00000075       0x76 c:/nxp/mcuxpressoide_11.0.1_2563/ide/plugins/com.nxp.mcuxpresso.tools.win32_11.0.1.201907311258/tools/bin/../lib/gcc/arm-none-eabi/8.2.1/../../../../arm-none-eabi/lib/thumb/v6-m/nofp\libcr_c.a(_fdopen.o)
 .comment       0x00000075       0x76 c:/nxp/mcuxpressoide_11.0.1_2563/ide/plugins/com.nxp.mcuxpresso.tools.win32_11.0.1.201907311258/tools/bin/../lib/gcc/arm-none-eabi/8.2.1/../../../../arm-none-eabi/lib/thumb/v6-m/nofp\libcr_c.a(errno.o)
 .comment       0x00000075       0x76 c:/nxp/mcuxpressoide_11.0.1_2563/ide/plugins/com.nxp.mcuxpresso.tools.win32_11.0.1.201907311258/tools/bin/../lib/gcc/arm-none-eabi/8.2.1/../../../../arm-none-eabi/lib/thumb/v6-m/nofp\libcr_c.a(fclose.o)
 .comment       0x00000075       0x76 c:/nxp/mcuxpressoide_11.0.1_2563/ide/plugins/com.nxp.mcuxpresso.tools.win32_11.0.1.201907311258/tools/bin/../lib/gcc/arm-none-eabi/8.2.1/../../../../arm-none-eabi/lib/thumb/v6-m/nofp\libcr_c.a(fflush.o)
 .comment       0x00000075       0x76 c:/nxp/mcuxpressoide_11.0.1_2563/ide/plugins/com.nxp.mcuxpresso.tools.win32_11.0.1.201907311258/tools/bin/../lib/gcc/arm-none-eabi/8.2.1/../../../../arm-none-eabi/lib/thumb/v6-m/nofp\libcr_c.a(remove.o)
 .comment       0x00000075       0x76 c:/nxp/mcuxpressoide_11.0.1_2563/ide/plugins/com.nxp.mcuxpresso.tools.win32_11.0.1.201907311258/tools/bin/../lib/gcc/arm-none-eabi/8.2.1/../../../../arm-none-eabi/lib/thumb/v6-m/nofp\libcr_c.a(_cr_check_heap.o)
 .comment       0x00000075       0x76 c:/nxp/mcuxpressoide_11.0.1_2563/ide/plugins/com.nxp.mcuxpresso.tools.win32_11.0.1.201907311258/tools/bin/../lib/gcc/arm-none-eabi/8.2.1/../../../../arm-none-eabi/lib/thumb/v6-m/nofp\libcr_c.a(_do_fflush.o)

.ARM.attributes
                0x00000000       0x2a
 .ARM.attributes
                0x00000000       0x2c ./utilities/fsl_debug_console.o
 .ARM.attributes
                0x0000002c       0x2c ./startup/startup_mkl25z4.o
 .ARM.attributes
                0x00000058       0x2c ./source/PR4.o
 .ARM.attributes
                0x00000084       0x32 ./source/mtb.o
 .ARM.attributes
                0x000000b6       0x2c ./source/semihost_hardfault.o
 .ARM.attributes
                0x000000e2       0x2c ./drivers/fsl_clock.o
 .ARM.attributes
                0x0000010e       0x2c ./drivers/fsl_lpsci.o
 .ARM.attributes
                0x0000013a       0x2c ./drivers/fsl_uart.o
 .ARM.attributes
                0x00000166       0x2c ./board/TMP102.o
 .ARM.attributes
                0x00000192       0x2c ./board/board.o
 .ARM.attributes
                0x000001be       0x2c ./board/clock_config.o
 .ARM.attributes
                0x000001ea       0x2c ./board/events.o
 .ARM.attributes
                0x00000216       0x2c ./board/led_board.o
 .ARM.attributes
                0x00000242       0x2c ./board/peripherals.o
 .ARM.attributes
                0x0000026e       0x2c ./board/pin_mux.o
 .ARM.attributes
                0x0000029a       0x2c ./CMSIS/system_MKL25Z4.o
 .ARM.attributes
                0x000002c6       0x2c c:/nxp/mcuxpressoide_11.0.1_2563/ide/plugins/com.nxp.mcuxpresso.tools.win32_11.0.1.201907311258/tools/bin/../lib/gcc/arm-none-eabi/8.2.1/../../../../arm-none-eabi/lib/thumb/v6-m/nofp\libcr_semihost_nf.a(_cr__main.o)
 .ARM.attributes
                0x000002f2       0x2c c:/nxp/mcuxpressoide_11.0.1_2563/ide/plugins/com.nxp.mcuxpresso.tools.win32_11.0.1.201907311258/tools/bin/../lib/gcc/arm-none-eabi/8.2.1/../../../../arm-none-eabi/lib/thumb/v6-m/nofp\libcr_semihost_nf.a(_cr_assert.o)
 .ARM.attributes
                0x0000031e       0x31 c:/nxp/mcuxpressoide_11.0.1_2563/ide/plugins/com.nxp.mcuxpresso.tools.win32_11.0.1.201907311258/tools/bin/../lib/gcc/arm-none-eabi/8.2.1/../../../../arm-none-eabi/lib/thumb/v6-m/nofp\libcr_semihost_nf.a(__ciob.o)
 .ARM.attributes
                0x0000034f       0x1c c:/nxp/mcuxpressoide_11.0.1_2563/ide/plugins/com.nxp.mcuxpresso.tools.win32_11.0.1.201907311258/tools/bin/../lib/gcc/arm-none-eabi/8.2.1/../../../../arm-none-eabi/lib/thumb/v6-m/nofp\libcr_semihost_nf.a(__sys_appexit.o)
 .ARM.attributes
                0x0000036b       0x2c c:/nxp/mcuxpressoide_11.0.1_2563/ide/plugins/com.nxp.mcuxpresso.tools.win32_11.0.1.201907311258/tools/bin/../lib/gcc/arm-none-eabi/8.2.1/../../../../arm-none-eabi/lib/thumb/v6-m/nofp\libcr_c.a(memset.o)
 .ARM.attributes
                0x00000397       0x2c c:/nxp/mcuxpressoide_11.0.1_2563/ide/plugins/com.nxp.mcuxpresso.tools.win32_11.0.1.201907311258/tools/bin/../lib/gcc/arm-none-eabi/8.2.1/../../../../arm-none-eabi/lib/thumb/v6-m/nofp\libcr_c.a(_deferredlazyseek.o)
 .ARM.attributes
                0x000003c3       0x2c c:/nxp/mcuxpressoide_11.0.1_2563/ide/plugins/com.nxp.mcuxpresso.tools.win32_11.0.1.201907311258/tools/bin/../lib/gcc/arm-none-eabi/8.2.1/../../../../arm-none-eabi/lib/thumb/v6-m/nofp\libcr_c.a(_fflush.o)
 .ARM.attributes
                0x000003ef       0x2c c:/nxp/mcuxpressoide_11.0.1_2563/ide/plugins/com.nxp.mcuxpresso.tools.win32_11.0.1.201907311258/tools/bin/../lib/gcc/arm-none-eabi/8.2.1/../../../../arm-none-eabi/lib/thumb/v6-m/nofp\libcr_c.a(_writebuf.o)
 .ARM.attributes
                0x0000041b       0x2c c:/nxp/mcuxpressoide_11.0.1_2563/ide/plugins/com.nxp.mcuxpresso.tools.win32_11.0.1.201907311258/tools/bin/../lib/gcc/arm-none-eabi/8.2.1/../../../../arm-none-eabi/lib/thumb/v6-m/nofp\libcr_c.a(alloc.o)
 .ARM.attributes
                0x00000447       0x2c c:/nxp/mcuxpressoide_11.0.1_2563/ide/plugins/com.nxp.mcuxpresso.tools.win32_11.0.1.201907311258/tools/bin/../lib/gcc/arm-none-eabi/8.2.1/../../../../arm-none-eabi/lib/thumb/v6-m/nofp\libcr_c.a(fputs.o)
 .ARM.attributes
                0x00000473       0x2c c:/nxp/mcuxpressoide_11.0.1_2563/ide/plugins/com.nxp.mcuxpresso.tools.win32_11.0.1.201907311258/tools/bin/../lib/gcc/arm-none-eabi/8.2.1/../../../../arm-none-eabi/lib/thumb/v6-m/nofp\libcr_c.a(fseek.o)
 .ARM.attributes
                0x0000049f       0x2c c:/nxp/mcuxpressoide_11.0.1_2563/ide/plugins/com.nxp.mcuxpresso.tools.win32_11.0.1.201907311258/tools/bin/../lib/gcc/arm-none-eabi/8.2.1/../../../../arm-none-eabi/lib/thumb/v6-m/nofp\libcr_c.a(ftell.o)
 .ARM.attributes
                0x000004cb       0x2c c:/nxp/mcuxpressoide_11.0.1_2563/ide/plugins/com.nxp.mcuxpresso.tools.win32_11.0.1.201907311258/tools/bin/../lib/gcc/arm-none-eabi/8.2.1/../../../../arm-none-eabi/lib/thumb/v6-m/nofp\libcr_c.a(initio.o)
 .ARM.attributes
                0x000004f7       0x2c c:/nxp/mcuxpressoide_11.0.1_2563/ide/plugins/com.nxp.mcuxpresso.tools.win32_11.0.1.201907311258/tools/bin/../lib/gcc/arm-none-eabi/8.2.1/../../../../arm-none-eabi/lib/thumb/v6-m/nofp\libcr_c.a(printf.o)
 .ARM.attributes
                0x00000523       0x2c c:/nxp/mcuxpressoide_11.0.1_2563/ide/plugins/com.nxp.mcuxpresso.tools.win32_11.0.1.201907311258/tools/bin/../lib/gcc/arm-none-eabi/8.2.1/../../../../arm-none-eabi/lib/thumb/v6-m/nofp\libcr_c.a(setvbuf.o)
 .ARM.attributes
                0x0000054f       0x2c c:/nxp/mcuxpressoide_11.0.1_2563/ide/plugins/com.nxp.mcuxpresso.tools.win32_11.0.1.201907311258/tools/bin/../lib/gcc/arm-none-eabi/8.2.1/../../../../arm-none-eabi/lib/thumb/v6-m/nofp\libcr_c.a(strlen.o)
 .ARM.attributes
                0x0000057b       0x2c c:/nxp/mcuxpressoide_11.0.1_2563/ide/plugins/com.nxp.mcuxpresso.tools.win32_11.0.1.201907311258/tools/bin/../lib/gcc/arm-none-eabi/8.2.1/../../../../arm-none-eabi/lib/thumb/v6-m/nofp\libcr_c.a(__init_alloc.o)
 .ARM.attributes
                0x000005a7       0x2c c:/nxp/mcuxpressoide_11.0.1_2563/ide/plugins/com.nxp.mcuxpresso.tools.win32_11.0.1.201907311258/tools/bin/../lib/gcc/arm-none-eabi/8.2.1/../../../../arm-none-eabi/lib/thumb/v6-m/nofp\libcr_c.a(_cr_sbrk.o)
 .ARM.attributes
                0x000005d3       0x2c c:/nxp/mcuxpressoide_11.0.1_2563/ide/plugins/com.nxp.mcuxpresso.tools.win32_11.0.1.201907311258/tools/bin/../lib/gcc/arm-none-eabi/8.2.1/../../../../arm-none-eabi/lib/thumb/v6-m/nofp\libcr_c.a(_fdopen.o)
 .ARM.attributes
                0x000005ff       0x31 c:/nxp/mcuxpressoide_11.0.1_2563/ide/plugins/com.nxp.mcuxpresso.tools.win32_11.0.1.201907311258/tools/bin/../lib/gcc/arm-none-eabi/8.2.1/../../../../arm-none-eabi/lib/thumb/v6-m/nofp\libcr_c.a(errno.o)
 .ARM.attributes
                0x00000630       0x2c c:/nxp/mcuxpressoide_11.0.1_2563/ide/plugins/com.nxp.mcuxpresso.tools.win32_11.0.1.201907311258/tools/bin/../lib/gcc/arm-none-eabi/8.2.1/../../../../arm-none-eabi/lib/thumb/v6-m/nofp\libcr_c.a(fclose.o)
 .ARM.attributes
                0x0000065c       0x2c c:/nxp/mcuxpressoide_11.0.1_2563/ide/plugins/com.nxp.mcuxpresso.tools.win32_11.0.1.201907311258/tools/bin/../lib/gcc/arm-none-eabi/8.2.1/../../../../arm-none-eabi/lib/thumb/v6-m/nofp\libcr_c.a(fflush.o)
 .ARM.attributes
                0x00000688       0x2c c:/nxp/mcuxpressoide_11.0.1_2563/ide/plugins/com.nxp.mcuxpresso.tools.win32_11.0.1.201907311258/tools/bin/../lib/gcc/arm-none-eabi/8.2.1/../../../../arm-none-eabi/lib/thumb/v6-m/nofp\libcr_c.a(remove.o)
 .ARM.attributes
                0x000006b4       0x2c c:/nxp/mcuxpressoide_11.0.1_2563/ide/plugins/com.nxp.mcuxpresso.tools.win32_11.0.1.201907311258/tools/bin/../lib/gcc/arm-none-eabi/8.2.1/../../../../arm-none-eabi/lib/thumb/v6-m/nofp\libcr_c.a(_cr_check_heap.o)
 .ARM.attributes
                0x000006e0       0x2c c:/nxp/mcuxpressoide_11.0.1_2563/ide/plugins/com.nxp.mcuxpresso.tools.win32_11.0.1.201907311258/tools/bin/../lib/gcc/arm-none-eabi/8.2.1/../../../../arm-none-eabi/lib/thumb/v6-m/nofp\libcr_c.a(_do_fflush.o)
 .ARM.attributes
                0x0000070c       0x1c c:/nxp/mcuxpressoide_11.0.1_2563/ide/plugins/com.nxp.mcuxpresso.tools.win32_11.0.1.201907311258/tools/bin/../lib/gcc/arm-none-eabi/8.2.1/thumb/v6-m/nofp\libcr_eabihelpers.a(division_32.o)
 .ARM.attributes
                0x00000728       0x1c c:/nxp/mcuxpressoide_11.0.1_2563/ide/plugins/com.nxp.mcuxpresso.tools.win32_11.0.1.201907311258/tools/bin/../lib/gcc/arm-none-eabi/8.2.1/thumb/v6-m/nofp\libcr_eabihelpers.a(division_idiv0.o)
 .ARM.attributes
                0x00000744       0x1c c:/nxp/mcuxpressoide_11.0.1_2563/ide/plugins/com.nxp.mcuxpresso.tools.win32_11.0.1.201907311258/tools/bin/../lib/gcc/arm-none-eabi/8.2.1/thumb/v6-m/nofp\libcr_eabihelpers.a(llong.o)
 .ARM.attributes
                0x00000760       0x1c c:/nxp/mcuxpressoide_11.0.1_2563/ide/plugins/com.nxp.mcuxpresso.tools.win32_11.0.1.201907311258/tools/bin/../lib/gcc/arm-none-eabi/8.2.1/thumb/v6-m/nofp\libcr_eabihelpers.a(memcpy.o)
 .ARM.attributes
                0x0000077c       0x1c c:/nxp/mcuxpressoide_11.0.1_2563/ide/plugins/com.nxp.mcuxpresso.tools.win32_11.0.1.201907311258/tools/bin/../lib/gcc/arm-none-eabi/8.2.1/../../../../arm-none-eabi/lib/thumb/v6-m/nofp\libcr_semihost_nf.a(__sys_close.o)
 .ARM.attributes
                0x00000798       0x1c c:/nxp/mcuxpressoide_11.0.1_2563/ide/plugins/com.nxp.mcuxpresso.tools.win32_11.0.1.201907311258/tools/bin/../lib/gcc/arm-none-eabi/8.2.1/../../../../arm-none-eabi/lib/thumb/v6-m/nofp\libcr_semihost_nf.a(__sys_flen.o)
 .ARM.attributes
                0x000007b4       0x1c c:/nxp/mcuxpressoide_11.0.1_2563/ide/plugins/com.nxp.mcuxpresso.tools.win32_11.0.1.201907311258/tools/bin/../lib/gcc/arm-none-eabi/8.2.1/../../../../arm-none-eabi/lib/thumb/v6-m/nofp\libcr_semihost_nf.a(__sys_istty.o)
 .ARM.attributes
                0x000007d0       0x1c c:/nxp/mcuxpressoide_11.0.1_2563/ide/plugins/com.nxp.mcuxpresso.tools.win32_11.0.1.201907311258/tools/bin/../lib/gcc/arm-none-eabi/8.2.1/../../../../arm-none-eabi/lib/thumb/v6-m/nofp\libcr_semihost_nf.a(__sys_remove.o)
 .ARM.attributes
                0x000007ec       0x1c c:/nxp/mcuxpressoide_11.0.1_2563/ide/plugins/com.nxp.mcuxpresso.tools.win32_11.0.1.201907311258/tools/bin/../lib/gcc/arm-none-eabi/8.2.1/../../../../arm-none-eabi/lib/thumb/v6-m/nofp\libcr_semihost_nf.a(__sys_seek.o)
 .ARM.attributes
                0x00000808       0x1c c:/nxp/mcuxpressoide_11.0.1_2563/ide/plugins/com.nxp.mcuxpresso.tools.win32_11.0.1.201907311258/tools/bin/../lib/gcc/arm-none-eabi/8.2.1/../../../../arm-none-eabi/lib/thumb/v6-m/nofp\libcr_semihost_nf.a(__sys_tmpnam.o)
 .ARM.attributes
                0x00000824       0x1c c:/nxp/mcuxpressoide_11.0.1_2563/ide/plugins/com.nxp.mcuxpresso.tools.win32_11.0.1.201907311258/tools/bin/../lib/gcc/arm-none-eabi/8.2.1/../../../../arm-none-eabi/lib/thumb/v6-m/nofp\libcr_semihost_nf.a(__sys_write.o)

.debug_frame    0x00000000     0x19f8
 .debug_frame   0x00000000       0xcc ./utilities/fsl_debug_console.o
 .debug_frame   0x000000cc      0x3b0 ./startup/startup_mkl25z4.o
 .debug_frame   0x0000047c       0xb8 ./source/PR4.o
 .debug_frame   0x00000534       0x20 ./source/semihost_hardfault.o
 .debug_frame   0x00000554      0x6e0 ./drivers/fsl_clock.o
 .debug_frame   0x00000c34      0x418 ./drivers/fsl_lpsci.o
 .debug_frame   0x0000104c      0x468 ./drivers/fsl_uart.o
 .debug_frame   0x000014b4       0xc8 ./board/TMP102.o
 .debug_frame   0x0000157c       0x50 ./board/board.o
 .debug_frame   0x000015cc      0x100 ./board/clock_config.o
 .debug_frame   0x000016cc      0x110 ./board/events.o
 .debug_frame   0x000017dc      0x11c ./board/led_board.o
 .debug_frame   0x000018f8       0x2c ./board/peripherals.o
 .debug_frame   0x00001924       0x88 ./board/pin_mux.o
 .debug_frame   0x000019ac       0x4c ./CMSIS/system_MKL25Z4.o

Cross Reference Table

Symbol                                            File
ADC0_DriverIRQHandler                             ./startup/startup_mkl25z4.o
ADC0_IRQHandler                                   ./startup/startup_mkl25z4.o
ALLLED_OFF                                        ./board/led_board.o
All_Init                                          ./board/TMP102.o
                                                  ./source/PR4.o
BOARD_BootClockRUN                                ./board/clock_config.o
BOARD_BootClockVLPR                               ./board/clock_config.o
BOARD_InitBootClocks                              ./board/clock_config.o
                                                  ./source/PR4.o
BOARD_InitBootPeripherals                         ./board/peripherals.o
                                                  ./source/PR4.o
BOARD_InitBootPins                                ./board/pin_mux.o
                                                  ./source/PR4.o
BOARD_InitDebugConsole                            ./board/board.o
                                                  ./source/PR4.o
BOARD_InitPins                                    ./board/pin_mux.o
CLOCK_BootToBlpeMode                              ./drivers/fsl_clock.o
CLOCK_BootToBlpiMode                              ./drivers/fsl_clock.o
                                                  ./board/clock_config.o
CLOCK_BootToFeeMode                               ./drivers/fsl_clock.o
CLOCK_BootToFeiMode                               ./drivers/fsl_clock.o
CLOCK_BootToPeeMode                               ./drivers/fsl_clock.o
                                                  ./board/clock_config.o
CLOCK_CalcPllDiv                                  ./drivers/fsl_clock.o
CLOCK_ClearStatusFlags                            ./drivers/fsl_clock.o
CLOCK_DeinitOsc0                                  ./drivers/fsl_clock.o
CLOCK_EnablePll0                                  ./drivers/fsl_clock.o
CLOCK_EnableUsbfs0Clock                           ./drivers/fsl_clock.o
CLOCK_ExternalModeToFbeModeQuick                  ./drivers/fsl_clock.o
CLOCK_FllStableDelay                              ./drivers/fsl_clock.o
CLOCK_GetBusClkFreq                               ./drivers/fsl_clock.o
CLOCK_GetCoreSysClkFreq                           ./drivers/fsl_clock.o
CLOCK_GetEr32kClkFreq                             ./drivers/fsl_clock.o
CLOCK_GetFixedFreqClkFreq                         ./drivers/fsl_clock.o
CLOCK_GetFlashClkFreq                             ./drivers/fsl_clock.o
CLOCK_GetFllFreq                                  ./drivers/fsl_clock.o
CLOCK_GetFreq                                     ./drivers/fsl_clock.o
CLOCK_GetInternalRefClkFreq                       ./drivers/fsl_clock.o
CLOCK_GetMode                                     ./drivers/fsl_clock.o
CLOCK_GetOsc0ErClkFreq                            ./drivers/fsl_clock.o
CLOCK_GetOutClkFreq                               ./drivers/fsl_clock.o
CLOCK_GetPlatClkFreq                              ./drivers/fsl_clock.o
CLOCK_GetPll0Freq                                 ./drivers/fsl_clock.o
CLOCK_GetPllFllSelClkFreq                         ./drivers/fsl_clock.o
                                                  ./board/board.o
CLOCK_GetStatusFlags                              ./drivers/fsl_clock.o
CLOCK_InitOsc0                                    ./drivers/fsl_clock.o
                                                  ./board/clock_config.o
CLOCK_InternalModeToFbiModeQuick                  ./drivers/fsl_clock.o
CLOCK_SetBlpeMode                                 ./drivers/fsl_clock.o
CLOCK_SetBlpiMode                                 ./drivers/fsl_clock.o
CLOCK_SetExternalRefClkConfig                     ./drivers/fsl_clock.o
CLOCK_SetFbeMode                                  ./drivers/fsl_clock.o
CLOCK_SetFbiMode                                  ./drivers/fsl_clock.o
CLOCK_SetFeeMode                                  ./drivers/fsl_clock.o
CLOCK_SetFeiMode                                  ./drivers/fsl_clock.o
CLOCK_SetInternalRefClkConfig                     ./drivers/fsl_clock.o
                                                  ./board/clock_config.o
CLOCK_SetMcgConfig                                ./drivers/fsl_clock.o
CLOCK_SetOsc0MonitorMode                          ./drivers/fsl_clock.o
CLOCK_SetPbeMode                                  ./drivers/fsl_clock.o
CLOCK_SetPeeMode                                  ./drivers/fsl_clock.o
CLOCK_SetPll0MonitorMode                          ./drivers/fsl_clock.o
CLOCK_SetSimConfig                                ./drivers/fsl_clock.o
                                                  ./board/clock_config.o
CLOCK_TrimInternalRefClk                          ./drivers/fsl_clock.o
CMP0_DriverIRQHandler                             ./startup/startup_mkl25z4.o
CMP0_IRQHandler                                   ./startup/startup_mkl25z4.o
DAC0_DriverIRQHandler                             ./startup/startup_mkl25z4.o
DAC0_IRQHandler                                   ./startup/startup_mkl25z4.o
DMA0_DriverIRQHandler                             ./startup/startup_mkl25z4.o
DMA0_IRQHandler                                   ./startup/startup_mkl25z4.o
DMA1_DriverIRQHandler                             ./startup/startup_mkl25z4.o
DMA1_IRQHandler                                   ./startup/startup_mkl25z4.o
DMA2_DriverIRQHandler                             ./startup/startup_mkl25z4.o
DMA2_IRQHandler                                   ./startup/startup_mkl25z4.o
DMA3_DriverIRQHandler                             ./startup/startup_mkl25z4.o
DMA3_IRQHandler                                   ./startup/startup_mkl25z4.o
DbgConsole_Deinit                                 ./utilities/fsl_debug_console.o
DbgConsole_Init                                   ./utilities/fsl_debug_console.o
                                                  ./board/board.o
FLASH_Erase                                       ./drivers/fsl_flash.o
FLASH_EraseAll                                    ./drivers/fsl_flash.o
FLASH_EraseAllExecuteOnlySegments                 ./drivers/fsl_flash.o
FLASH_GetProperty                                 ./drivers/fsl_flash.o
FLASH_GetSecurityState                            ./drivers/fsl_flash.o
FLASH_Init                                        ./drivers/fsl_flash.o
FLASH_IsExecuteOnly                               ./drivers/fsl_flash.o
FLASH_IsProtected                                 ./drivers/fsl_flash.o
FLASH_PflashGetPrefetchSpeculation                ./drivers/fsl_flash.o
FLASH_PflashGetProtection                         ./drivers/fsl_flash.o
FLASH_PflashSetPrefetchSpeculation                ./drivers/fsl_flash.o
                                                  ./drivers/fsl_smc.o
FLASH_PflashSetProtection                         ./drivers/fsl_flash.o
FLASH_PrepareExecuteInRamFunctions                ./drivers/fsl_flash.o
FLASH_Program                                     ./drivers/fsl_flash.o
FLASH_ProgramOnce                                 ./drivers/fsl_flash.o
FLASH_ReadOnce                                    ./drivers/fsl_flash.o
FLASH_ReadResource                                ./drivers/fsl_flash.o
FLASH_SecurityBypass                              ./drivers/fsl_flash.o
FLASH_SetCallback                                 ./drivers/fsl_flash.o
FLASH_SetProperty                                 ./drivers/fsl_flash.o
FLASH_VerifyErase                                 ./drivers/fsl_flash.o
FLASH_VerifyEraseAll                              ./drivers/fsl_flash.o
FLASH_VerifyEraseAllExecuteOnlySegments           ./drivers/fsl_flash.o
FLASH_VerifyProgram                               ./drivers/fsl_flash.o
FTFA_DriverIRQHandler                             ./startup/startup_mkl25z4.o
FTFA_IRQHandler                                   ./startup/startup_mkl25z4.o
Flash_Config                                      ./startup/startup_mkl25z4.o
GPIO_ClearPinsInterruptFlags                      ./drivers/fsl_gpio.o
GPIO_GetPinsInterruptFlags                        ./drivers/fsl_gpio.o
GPIO_PinInit                                      ./drivers/fsl_gpio.o
HardFault_Handler                                 ./source/semihost_hardfault.o
                                                  ./startup/startup_mkl25z4.o
I2C0_DriverIRQHandler                             ./startup/startup_mkl25z4.o
I2C0_IRQHandler                                   ./startup/startup_mkl25z4.o
I2C1_DriverIRQHandler                             ./startup/startup_mkl25z4.o
I2C1_IRQHandler                                   ./startup/startup_mkl25z4.o
I2C_Init                                          ./board/TMP102.o
I2C_Read                                          ./board/TMP102.o
                                                  ./board/events.o
I2C_Transmit                                      ./board/TMP102.o
InstallIRQHandler                                 ./drivers/fsl_common.o
IntDefaultHandler                                 ./startup/startup_mkl25z4.o
LED_FAIL                                          ./board/led_board.o
                                                  ./board/events.o
                                                  ./source/PR4.o
LED_Initialise                                    ./board/led_board.o
                                                  ./source/PR4.o
LED_PASS                                          ./board/led_board.o
                                                  ./board/events.o
                                                  ./source/PR4.o
LED_PROCESS                                       ./board/led_board.o
                                                  ./board/events.o
                                                  ./source/PR4.o
LLWU_DriverIRQHandler                             ./startup/startup_mkl25z4.o
LLWU_IRQHandler                                   ./startup/startup_mkl25z4.o
LPSCI_ClearStatusFlags                            ./drivers/fsl_lpsci.o
LPSCI_Deinit                                      ./drivers/fsl_lpsci.o
                                                  ./utilities/fsl_debug_console.o
LPSCI_DisableInterrupts                           ./drivers/fsl_lpsci.o
LPSCI_EnableInterrupts                            ./drivers/fsl_lpsci.o
LPSCI_GetDefaultConfig                            ./drivers/fsl_lpsci.o
                                                  ./utilities/fsl_debug_console.o
LPSCI_GetEnabledInterrupts                        ./drivers/fsl_lpsci.o
LPSCI_GetInstance                                 ./drivers/fsl_lpsci.o
LPSCI_GetStatusFlags                              ./drivers/fsl_lpsci.o
LPSCI_Init                                        ./drivers/fsl_lpsci.o
                                                  ./utilities/fsl_debug_console.o
LPSCI_ReadBlocking                                ./drivers/fsl_lpsci.o
                                                  ./utilities/fsl_debug_console.o
LPSCI_SetBaudRate                                 ./drivers/fsl_lpsci.o
LPSCI_TransferAbortReceive                        ./drivers/fsl_lpsci.o
LPSCI_TransferAbortSend                           ./drivers/fsl_lpsci.o
LPSCI_TransferCreateHandle                        ./drivers/fsl_lpsci.o
LPSCI_TransferGetReceiveCount                     ./drivers/fsl_lpsci.o
LPSCI_TransferGetSendCount                        ./drivers/fsl_lpsci.o
LPSCI_TransferHandleErrorIRQ                      ./drivers/fsl_lpsci.o
LPSCI_TransferHandleIRQ                           ./drivers/fsl_lpsci.o
LPSCI_TransferReceiveNonBlocking                  ./drivers/fsl_lpsci.o
LPSCI_TransferSendNonBlocking                     ./drivers/fsl_lpsci.o
LPSCI_TransferStartRingBuffer                     ./drivers/fsl_lpsci.o
LPSCI_TransferStopRingBuffer                      ./drivers/fsl_lpsci.o
LPSCI_WriteBlocking                               ./drivers/fsl_lpsci.o
                                                  ./utilities/fsl_debug_console.o
LPTMR0_DriverIRQHandler                           ./startup/startup_mkl25z4.o
LPTMR0_IRQHandler                                 ./startup/startup_mkl25z4.o
LVD_LVW_DriverIRQHandler                          ./startup/startup_mkl25z4.o
LVD_LVW_IRQHandler                                ./startup/startup_mkl25z4.o
MCG_DriverIRQHandler                              ./startup/startup_mkl25z4.o
MCG_IRQHandler                                    ./startup/startup_mkl25z4.o
NMI_Handler                                       ./startup/startup_mkl25z4.o
PIT_DriverIRQHandler                              ./startup/startup_mkl25z4.o
PIT_IRQHandler                                    ./startup/startup_mkl25z4.o
PORTA_DriverIRQHandler                            ./startup/startup_mkl25z4.o
PORTA_IRQHandler                                  ./source/PR4.o
                                                  ./startup/startup_mkl25z4.o
PORTD_DriverIRQHandler                            ./startup/startup_mkl25z4.o
PORTD_IRQHandler                                  ./startup/startup_mkl25z4.o
PendSV_Handler                                    ./startup/startup_mkl25z4.o
RTC_DriverIRQHandler                              ./startup/startup_mkl25z4.o
RTC_IRQHandler                                    ./startup/startup_mkl25z4.o
RTC_Seconds_DriverIRQHandler                      ./startup/startup_mkl25z4.o
RTC_Seconds_IRQHandler                            ./startup/startup_mkl25z4.o
Reserved20_DriverIRQHandler                       ./startup/startup_mkl25z4.o
Reserved20_IRQHandler                             ./startup/startup_mkl25z4.o
Reserved39_DriverIRQHandler                       ./startup/startup_mkl25z4.o
Reserved39_IRQHandler                             ./startup/startup_mkl25z4.o
Reserved45_DriverIRQHandler                       ./startup/startup_mkl25z4.o
Reserved45_IRQHandler                             ./startup/startup_mkl25z4.o
ResetISR                                          ./startup/startup_mkl25z4.o
SMC_PostExitStopModes                             ./drivers/fsl_smc.o
SMC_PreEnterStopModes                             ./drivers/fsl_smc.o
SMC_SetPowerModeLls                               ./drivers/fsl_smc.o
SMC_SetPowerModeRun                               ./drivers/fsl_smc.o
SMC_SetPowerModeStop                              ./drivers/fsl_smc.o
SMC_SetPowerModeVlls                              ./drivers/fsl_smc.o
SMC_SetPowerModeVlpr                              ./drivers/fsl_smc.o
                                                  ./board/clock_config.o
SMC_SetPowerModeVlps                              ./drivers/fsl_smc.o
SMC_SetPowerModeVlpw                              ./drivers/fsl_smc.o
SMC_SetPowerModeWait                              ./drivers/fsl_smc.o
SPI0_DriverIRQHandler                             ./startup/startup_mkl25z4.o
SPI0_IRQHandler                                   ./startup/startup_mkl25z4.o
SPI1_DriverIRQHandler                             ./startup/startup_mkl25z4.o
SPI1_IRQHandler                                   ./startup/startup_mkl25z4.o
SVC_Handler                                       ./startup/startup_mkl25z4.o
SysTick_Handler                                   ./startup/startup_mkl25z4.o
SystemCoreClock                                   ./CMSIS/system_MKL25Z4.o
                                                  ./board/clock_config.o
SystemCoreClockUpdate                             ./CMSIS/system_MKL25Z4.o
SystemInit                                        ./CMSIS/system_MKL25Z4.o
                                                  ./startup/startup_mkl25z4.o
System_Init                                       ./board/System.o
System_Recover                                    ./board/System.o
System_Safestate                                  ./board/System.o
                                                  ./board/Testsuite.o
System_Shutdown                                   ./board/System.o
                                                  ./board/Testsuite.o
System_WriteInt                                   ./board/System.o
                                                  ./board/Testsuite.o
System_WriteString                                ./board/System.o
                                                  ./board/Testsuite.o
TPM0_DriverIRQHandler                             ./startup/startup_mkl25z4.o
TPM0_IRQHandler                                   ./startup/startup_mkl25z4.o
TPM1_DriverIRQHandler                             ./startup/startup_mkl25z4.o
TPM1_IRQHandler                                   ./startup/startup_mkl25z4.o
TPM2_DriverIRQHandler                             ./startup/startup_mkl25z4.o
TPM2_IRQHandler                                   ./startup/startup_mkl25z4.o
TSI0_DriverIRQHandler                             ./startup/startup_mkl25z4.o
TSI0_IRQHandler                                   ./startup/startup_mkl25z4.o
Testsuite_RunTests                                ./board/Testsuite.o
UART0_DriverIRQHandler                            ./drivers/fsl_lpsci.o
                                                  ./startup/startup_mkl25z4.o
UART0_IRQHandler                                  ./startup/startup_mkl25z4.o
UART1_DriverIRQHandler                            ./drivers/fsl_uart.o
                                                  ./startup/startup_mkl25z4.o
UART1_IRQHandler                                  ./startup/startup_mkl25z4.o
UART1_RX_TX_DriverIRQHandler                      ./drivers/fsl_uart.o
UART2_DriverIRQHandler                            ./drivers/fsl_uart.o
                                                  ./startup/startup_mkl25z4.o
UART2_IRQHandler                                  ./startup/startup_mkl25z4.o
UART2_RX_TX_DriverIRQHandler                      ./drivers/fsl_uart.o
UART_ClearStatusFlags                             ./drivers/fsl_uart.o
UART_Deinit                                       ./drivers/fsl_uart.o
                                                  ./utilities/fsl_debug_console.o
UART_DisableInterrupts                            ./drivers/fsl_uart.o
UART_EnableInterrupts                             ./drivers/fsl_uart.o
UART_GetDefaultConfig                             ./drivers/fsl_uart.o
                                                  ./utilities/fsl_debug_console.o
UART_GetEnabledInterrupts                         ./drivers/fsl_uart.o
UART_GetInstance                                  ./drivers/fsl_uart.o
UART_GetStatusFlags                               ./drivers/fsl_uart.o
UART_Init                                         ./drivers/fsl_uart.o
                                                  ./utilities/fsl_debug_console.o
UART_ReadBlocking                                 ./drivers/fsl_uart.o
                                                  ./utilities/fsl_debug_console.o
UART_SetBaudRate                                  ./drivers/fsl_uart.o
UART_TransferAbortReceive                         ./drivers/fsl_uart.o
UART_TransferAbortSend                            ./drivers/fsl_uart.o
UART_TransferCreateHandle                         ./drivers/fsl_uart.o
UART_TransferGetReceiveCount                      ./drivers/fsl_uart.o
UART_TransferGetSendCount                         ./drivers/fsl_uart.o
UART_TransferHandleErrorIRQ                       ./drivers/fsl_uart.o
UART_TransferHandleIRQ                            ./drivers/fsl_uart.o
UART_TransferReceiveNonBlocking                   ./drivers/fsl_uart.o
UART_TransferSendNonBlocking                      ./drivers/fsl_uart.o
UART_TransferStartRingBuffer                      ./drivers/fsl_uart.o
UART_TransferStopRingBuffer                       ./drivers/fsl_uart.o
UART_WriteBlocking                                ./drivers/fsl_uart.o
                                                  ./utilities/fsl_debug_console.o
USB0_DriverIRQHandler                             ./startup/startup_mkl25z4.o
USB0_IRQHandler                                   ./startup/startup_mkl25z4.o
_Csys_alloc                                       c:/nxp/mcuxpressoide_11.0.1_2563/ide/plugins/com.nxp.mcuxpresso.tools.win32_11.0.1.201907311258/tools/bin/../lib/gcc/arm-none-eabi/8.2.1/../../../../arm-none-eabi/lib/thumb/v6-m/nofp\libcr_c.a(alloc.o)
                                                  c:/nxp/mcuxpressoide_11.0.1_2563/ide/plugins/com.nxp.mcuxpresso.tools.win32_11.0.1.201907311258/tools/bin/../lib/gcc/arm-none-eabi/8.2.1/../../../../arm-none-eabi/lib/thumb/v6-m/nofp\libcr_c.a(_deferredlazyseek.o)
_Cwritebuf                                        c:/nxp/mcuxpressoide_11.0.1_2563/ide/plugins/com.nxp.mcuxpresso.tools.win32_11.0.1.201907311258/tools/bin/../lib/gcc/arm-none-eabi/8.2.1/../../../../arm-none-eabi/lib/thumb/v6-m/nofp\libcr_c.a(_writebuf.o)
                                                  c:/nxp/mcuxpressoide_11.0.1_2563/ide/plugins/com.nxp.mcuxpresso.tools.win32_11.0.1.201907311258/tools/bin/../lib/gcc/arm-none-eabi/8.2.1/../../../../arm-none-eabi/lib/thumb/v6-m/nofp\libcr_c.a(_fflush.o)
                                                  c:/nxp/mcuxpressoide_11.0.1_2563/ide/plugins/com.nxp.mcuxpresso.tools.win32_11.0.1.201907311258/tools/bin/../lib/gcc/arm-none-eabi/8.2.1/../../../../arm-none-eabi/lib/thumb/v6-m/nofp\libcr_c.a(_deferredlazyseek.o)
__CR_SEMIHOST                                     c:/nxp/mcuxpressoide_11.0.1_2563/ide/plugins/com.nxp.mcuxpresso.tools.win32_11.0.1.201907311258/tools/bin/../lib/gcc/arm-none-eabi/8.2.1/../../../../arm-none-eabi/lib/thumb/v6-m/nofp\libcr_semihost_nf.a(_cr__main.o)
__Ciob                                            c:/nxp/mcuxpressoide_11.0.1_2563/ide/plugins/com.nxp.mcuxpresso.tools.win32_11.0.1.201907311258/tools/bin/../lib/gcc/arm-none-eabi/8.2.1/../../../../arm-none-eabi/lib/thumb/v6-m/nofp\libcr_semihost_nf.a(__ciob.o)
                                                  c:/nxp/mcuxpressoide_11.0.1_2563/ide/plugins/com.nxp.mcuxpresso.tools.win32_11.0.1.201907311258/tools/bin/../lib/gcc/arm-none-eabi/8.2.1/../../../../arm-none-eabi/lib/thumb/v6-m/nofp\libcr_c.a(fflush.o)
                                                  c:/nxp/mcuxpressoide_11.0.1_2563/ide/plugins/com.nxp.mcuxpresso.tools.win32_11.0.1.201907311258/tools/bin/../lib/gcc/arm-none-eabi/8.2.1/../../../../arm-none-eabi/lib/thumb/v6-m/nofp\libcr_c.a(printf.o)
                                                  c:/nxp/mcuxpressoide_11.0.1_2563/ide/plugins/com.nxp.mcuxpresso.tools.win32_11.0.1.201907311258/tools/bin/../lib/gcc/arm-none-eabi/8.2.1/../../../../arm-none-eabi/lib/thumb/v6-m/nofp\libcr_c.a(initio.o)
                                                  c:/nxp/mcuxpressoide_11.0.1_2563/ide/plugins/com.nxp.mcuxpresso.tools.win32_11.0.1.201907311258/tools/bin/../lib/gcc/arm-none-eabi/8.2.1/../../../../arm-none-eabi/lib/thumb/v6-m/nofp\libcr_semihost_nf.a(_cr_assert.o)
__RAM_VECTOR_TABLE_SIZE_BYTES                     ./drivers/fsl_common.o
__VECTOR_RAM                                      ./drivers/fsl_common.o
__VECTOR_TABLE                                    ./drivers/fsl_common.o
__Vectors                                         ./startup/startup_mkl25z4.o
__aeabi_idiv                                      c:/nxp/mcuxpressoide_11.0.1_2563/ide/plugins/com.nxp.mcuxpresso.tools.win32_11.0.1.201907311258/tools/bin/../lib/gcc/arm-none-eabi/8.2.1/thumb/v6-m/nofp\libcr_eabihelpers.a(division_32.o)
                                                  ./board/events.o
__aeabi_idiv0                                     c:/nxp/mcuxpressoide_11.0.1_2563/ide/plugins/com.nxp.mcuxpresso.tools.win32_11.0.1.201907311258/tools/bin/../lib/gcc/arm-none-eabi/8.2.1/thumb/v6-m/nofp\libcr_eabihelpers.a(division_idiv0.o)
                                                  c:/nxp/mcuxpressoide_11.0.1_2563/ide/plugins/com.nxp.mcuxpresso.tools.win32_11.0.1.201907311258/tools/bin/../lib/gcc/arm-none-eabi/8.2.1/thumb/v6-m/nofp\libcr_eabihelpers.a(division_32.o)
__aeabi_idivmod                                   c:/nxp/mcuxpressoide_11.0.1_2563/ide/plugins/com.nxp.mcuxpresso.tools.win32_11.0.1.201907311258/tools/bin/../lib/gcc/arm-none-eabi/8.2.1/thumb/v6-m/nofp\libcr_eabihelpers.a(division_32.o)